<testsuites id="" name="" tests="98" failures="86" skipped="0" errors="0" time="323.8798469999999">
<testsuite name="chat-interface.spec.js" timestamp="2025-06-13T02:38:15.008Z" hostname="chromium" tests="14" failures="12" skipped="0" time="108.895" errors="0">
<testcase name="SwarmDirector Chat Interface › Page Load and Initial State › should load chat page successfully" classname="chat-interface.spec.js" time="8.533">
<failure message="chat-interface.spec.js:18:5 should load chat page successfully" type="FAILURE">
<![CDATA[  [chromium] › chat-interface.spec.js:18:5 › SwarmDirector Chat Interface › Page Load and Initial State › should load chat page successfully 

    Error: Timed out 5000ms waiting for expect(locator).toBeVisible()

    Locator: locator('#messageInput')
    Expected: visible
    Received: <element(s) not found>
    Call log:
      - Expect "toBeVisible" with timeout 5000ms
      - waiting for locator('#messageInput')


      22 |       // Check main components are present
      23 |       await expect(page.locator('h1')).toContainText('SwarmDirector Chat');
    > 24 |       await expect(page.locator('#messageInput')).toBeVisible();
         |                                                   ^
      25 |       await expect(page.locator('button[type="submit"]')).toBeVisible();
      26 |       await expect(page.locator('#messagesContainer')).toBeVisible();
      27 |       await expect(page.locator('#activityLog')).toBeVisible();
        at /Users/shrenilpatel/Github/SwarmDirector/tests/e2e/chat-interface.spec.js:24:51

    attachment #1: screenshot (image/png) ──────────────────────────────────────────────────────────
    test-results/chat-interface-SwarmDirect-ab4d2-load-chat-page-successfully-chromium/test-failed-1.png
    ────────────────────────────────────────────────────────────────────────────────────────────────

    attachment #2: video (video/webm) ──────────────────────────────────────────────────────────────
    test-results/chat-interface-SwarmDirect-ab4d2-load-chat-page-successfully-chromium/video.webm
    ────────────────────────────────────────────────────────────────────────────────────────────────

    Error Context: ../../test-results/chat-interface-SwarmDirect-ab4d2-load-chat-page-successfully-chromium/error-context.md
]]>
</failure>
<system-out>
<![CDATA[
[[ATTACHMENT|chat-interface-SwarmDirect-ab4d2-load-chat-page-successfully-chromium/test-failed-1.png]]

[[ATTACHMENT|chat-interface-SwarmDirect-ab4d2-load-chat-page-successfully-chromium/video.webm]]

[[ATTACHMENT|chat-interface-SwarmDirect-ab4d2-load-chat-page-successfully-chromium/error-context.md]]
]]>
</system-out>
</testcase>
<testcase name="SwarmDirector Chat Interface › Page Load and Initial State › should show initial welcome state" classname="chat-interface.spec.js" time="3.024">
<failure message="chat-interface.spec.js:30:5 should show initial welcome state" type="FAILURE">
<![CDATA[  [chromium] › chat-interface.spec.js:30:5 › SwarmDirector Chat Interface › Page Load and Initial State › should show initial welcome state 

    Error: expect.toContainText: Error: strict mode violation: locator('.text-gray-500') resolved to 7 elements:
        1) <p class="text-gray-500">Start a conversation with our AI agent system</p> aka getByText('Start a conversation with our')
        2) <span class="text-gray-500" x-text="formatTime(activity.timestamp)">22:38:19</span> aka getByText(':38:19').first()
        3) <span class="text-gray-500" x-text="formatTime(activity.timestamp)">22:38:19</span> aka getByText(':38:19').nth(1)
        4) <span class="text-gray-500" x-text="formatTime(activity.timestamp)">22:38:18</span> aka getByText(':38:18').first()
        5) <span class="text-gray-500" x-text="formatTime(activity.timestamp)">22:38:18</span> aka getByText(':38:18').nth(1)
        6) <span class="text-gray-500" x-text="formatTime(activity.timestamp)">22:38:18</span> aka getByText(':38:18').nth(2)
        7) <span class="text-gray-500" x-text="formatTime(activity.timestamp)">22:38:18</span> aka getByText(':38:18').nth(3)

    Call log:
      - Expect "toContainText" with timeout 5000ms
      - waiting for locator('.text-gray-500')


      30 |     test('should show initial welcome state', async ({ page }) => {
      31 |       // Check welcome message is displayed
    > 32 |       await expect(page.locator('.text-gray-500')).toContainText('Start a conversation with SwarmDirector');
         |                                                    ^
      33 |       
      34 |       // Check connection status shows disconnected initially
      35 |       await expect(page.locator('.connection-status')).toContainText('Disconnected');
        at /Users/shrenilpatel/Github/SwarmDirector/tests/e2e/chat-interface.spec.js:32:52

    attachment #1: screenshot (image/png) ──────────────────────────────────────────────────────────
    test-results/chat-interface-SwarmDirect-295cc--show-initial-welcome-state-chromium/test-failed-1.png
    ────────────────────────────────────────────────────────────────────────────────────────────────

    attachment #2: video (video/webm) ──────────────────────────────────────────────────────────────
    test-results/chat-interface-SwarmDirect-295cc--show-initial-welcome-state-chromium/video.webm
    ────────────────────────────────────────────────────────────────────────────────────────────────

    Error Context: ../../test-results/chat-interface-SwarmDirect-295cc--show-initial-welcome-state-chromium/error-context.md
]]>
</failure>
<system-out>
<![CDATA[
[[ATTACHMENT|chat-interface-SwarmDirect-295cc--show-initial-welcome-state-chromium/test-failed-1.png]]

[[ATTACHMENT|chat-interface-SwarmDirect-295cc--show-initial-welcome-state-chromium/video.webm]]

[[ATTACHMENT|chat-interface-SwarmDirect-295cc--show-initial-welcome-state-chromium/error-context.md]]
]]>
</system-out>
</testcase>
<testcase name="SwarmDirector Chat Interface › Page Load and Initial State › should have proper responsive layout" classname="chat-interface.spec.js" time="8.483">
<failure message="chat-interface.spec.js:41:5 should have proper responsive layout" type="FAILURE">
<![CDATA[  [chromium] › chat-interface.spec.js:41:5 › SwarmDirector Chat Interface › Page Load and Initial State › should have proper responsive layout 

    Error: Timed out 5000ms waiting for expect(locator).toBeVisible()

    Locator: locator('.chat-container')
    Expected: visible
    Received: <element(s) not found>
    Call log:
      - Expect "toBeVisible" with timeout 5000ms
      - waiting for locator('.chat-container')


      42 |       // Test desktop layout
      43 |       await page.setViewportSize({ width: 1200, height: 800 });
    > 44 |       await expect(page.locator('.chat-container')).toBeVisible();
         |                                                     ^
      45 |       await expect(page.locator('.activity-panel')).toBeVisible();
      46 |       
      47 |       // Test mobile layout
        at /Users/shrenilpatel/Github/SwarmDirector/tests/e2e/chat-interface.spec.js:44:53

    attachment #1: screenshot (image/png) ──────────────────────────────────────────────────────────
    test-results/chat-interface-SwarmDirect-f20a9-ve-proper-responsive-layout-chromium/test-failed-1.png
    ────────────────────────────────────────────────────────────────────────────────────────────────

    attachment #2: video (video/webm) ──────────────────────────────────────────────────────────────
    test-results/chat-interface-SwarmDirect-f20a9-ve-proper-responsive-layout-chromium/video.webm
    ────────────────────────────────────────────────────────────────────────────────────────────────

    Error Context: ../../test-results/chat-interface-SwarmDirect-f20a9-ve-proper-responsive-layout-chromium/error-context.md
]]>
</failure>
<system-out>
<![CDATA[
[[ATTACHMENT|chat-interface-SwarmDirect-f20a9-ve-proper-responsive-layout-chromium/test-failed-1.png]]

[[ATTACHMENT|chat-interface-SwarmDirect-f20a9-ve-proper-responsive-layout-chromium/video.webm]]

[[ATTACHMENT|chat-interface-SwarmDirect-f20a9-ve-proper-responsive-layout-chromium/error-context.md]]
]]>
</system-out>
</testcase>
<testcase name="SwarmDirector Chat Interface › Message Input and Validation › should validate message input" classname="chat-interface.spec.js" time="13.772">
<failure message="chat-interface.spec.js:57:5 should validate message input" type="FAILURE">
<![CDATA[  [chromium] › chat-interface.spec.js:57:5 › SwarmDirector Chat Interface › Message Input and Validation › should validate message input 

    TimeoutError: locator.fill: Timeout 10000ms exceeded.
    Call log:
      - waiting for locator('#messageInput')


      60 |       
      61 |       // Empty message should not be sendable
    > 62 |       await messageInput.fill('');
         |                          ^
      63 |       await expect(sendButton).toBeDisabled();
      64 |       
      65 |       // Whitespace-only message should not be sendable
        at /Users/shrenilpatel/Github/SwarmDirector/tests/e2e/chat-interface.spec.js:62:26

    attachment #1: screenshot (image/png) ──────────────────────────────────────────────────────────
    test-results/chat-interface-SwarmDirect-074cb-ould-validate-message-input-chromium/test-failed-1.png
    ────────────────────────────────────────────────────────────────────────────────────────────────

    attachment #2: video (video/webm) ──────────────────────────────────────────────────────────────
    test-results/chat-interface-SwarmDirect-074cb-ould-validate-message-input-chromium/video.webm
    ────────────────────────────────────────────────────────────────────────────────────────────────

    Error Context: ../../test-results/chat-interface-SwarmDirect-074cb-ould-validate-message-input-chromium/error-context.md
]]>
</failure>
<system-out>
<![CDATA[
[[ATTACHMENT|chat-interface-SwarmDirect-074cb-ould-validate-message-input-chromium/test-failed-1.png]]

[[ATTACHMENT|chat-interface-SwarmDirect-074cb-ould-validate-message-input-chromium/video.webm]]

[[ATTACHMENT|chat-interface-SwarmDirect-074cb-ould-validate-message-input-chromium/error-context.md]]
]]>
</system-out>
</testcase>
<testcase name="SwarmDirector Chat Interface › Message Input and Validation › should handle keyboard interactions" classname="chat-interface.spec.js" time="12.584">
<failure message="chat-interface.spec.js:75:5 should handle keyboard interactions" type="FAILURE">
<![CDATA[  [chromium] › chat-interface.spec.js:75:5 › SwarmDirector Chat Interface › Message Input and Validation › should handle keyboard interactions 

    TimeoutError: locator.focus: Timeout 10000ms exceeded.
    Call log:
      - waiting for locator('#messageInput')


      77 |       
      78 |       // Focus on input
    > 79 |       await messageInput.focus();
         |                          ^
      80 |       await expect(messageInput).toBeFocused();
      81 |       
      82 |       // Type message
        at /Users/shrenilpatel/Github/SwarmDirector/tests/e2e/chat-interface.spec.js:79:26

    attachment #1: screenshot (image/png) ──────────────────────────────────────────────────────────
    test-results/chat-interface-SwarmDirect-820cd-andle-keyboard-interactions-chromium/test-failed-1.png
    ────────────────────────────────────────────────────────────────────────────────────────────────

    attachment #2: video (video/webm) ──────────────────────────────────────────────────────────────
    test-results/chat-interface-SwarmDirect-820cd-andle-keyboard-interactions-chromium/video.webm
    ────────────────────────────────────────────────────────────────────────────────────────────────

    Error Context: ../../test-results/chat-interface-SwarmDirect-820cd-andle-keyboard-interactions-chromium/error-context.md
]]>
</failure>
<system-out>
<![CDATA[
[[ATTACHMENT|chat-interface-SwarmDirect-820cd-andle-keyboard-interactions-chromium/test-failed-1.png]]

[[ATTACHMENT|chat-interface-SwarmDirect-820cd-andle-keyboard-interactions-chromium/video.webm]]

[[ATTACHMENT|chat-interface-SwarmDirect-820cd-andle-keyboard-interactions-chromium/error-context.md]]
]]>
</system-out>
</testcase>
<testcase name="SwarmDirector Chat Interface › Activity Log and Transparency Features › should display activity log panel" classname="chat-interface.spec.js" time="7.318">
<failure message="chat-interface.spec.js:93:5 should display activity log panel" type="FAILURE">
<![CDATA[  [chromium] › chat-interface.spec.js:93:5 › SwarmDirector Chat Interface › Activity Log and Transparency Features › should display activity log panel 

    Error: Timed out 5000ms waiting for expect(locator).toBeVisible()

    Locator: locator('#activityLog')
    Expected: visible
    Received: <element(s) not found>
    Call log:
      - Expect "toBeVisible" with timeout 5000ms
      - waiting for locator('#activityLog')


      94 |       const activityLog = page.locator('#activityLog');
      95 |       
    > 96 |       await expect(activityLog).toBeVisible();
         |                                 ^
      97 |       await expect(page.locator('.activity-header')).toContainText('System Activity');
      98 |       
      99 |       // Should show initial connection attempt
        at /Users/shrenilpatel/Github/SwarmDirector/tests/e2e/chat-interface.spec.js:96:33

    attachment #1: screenshot (image/png) ──────────────────────────────────────────────────────────
    test-results/chat-interface-SwarmDirect-1d072--display-activity-log-panel-chromium/test-failed-1.png
    ────────────────────────────────────────────────────────────────────────────────────────────────

    attachment #2: video (video/webm) ──────────────────────────────────────────────────────────────
    test-results/chat-interface-SwarmDirect-1d072--display-activity-log-panel-chromium/video.webm
    ────────────────────────────────────────────────────────────────────────────────────────────────

    Error Context: ../../test-results/chat-interface-SwarmDirect-1d072--display-activity-log-panel-chromium/error-context.md
]]>
</failure>
<system-out>
<![CDATA[
[[ATTACHMENT|chat-interface-SwarmDirect-1d072--display-activity-log-panel-chromium/test-failed-1.png]]

[[ATTACHMENT|chat-interface-SwarmDirect-1d072--display-activity-log-panel-chromium/video.webm]]

[[ATTACHMENT|chat-interface-SwarmDirect-1d072--display-activity-log-panel-chromium/error-context.md]]
]]>
</system-out>
</testcase>
<testcase name="SwarmDirector Chat Interface › Activity Log and Transparency Features › should categorize activity log entries" classname="chat-interface.spec.js" time="2.527">
<failure message="chat-interface.spec.js:103:5 should categorize activity log entries" type="FAILURE">
<![CDATA[  [chromium] › chat-interface.spec.js:103:5 › SwarmDirector Chat Interface › Activity Log and Transparency Features › should categorize activity log entries 

    Error: expect: Property 'toHaveCountGreaterThan' not found.

      107 |       // Check for different types of activity entries
      108 |       const activityEntries = page.locator('.activity-entry');
    > 109 |       await expect(activityEntries).toHaveCountGreaterThan(0);
          |                                    ^
      110 |       
      111 |       // Should have timestamps
      112 |       await expect(page.locator('.activity-timestamp')).toHaveCountGreaterThan(0);
        at /Users/shrenilpatel/Github/SwarmDirector/tests/e2e/chat-interface.spec.js:109:36

    attachment #1: screenshot (image/png) ──────────────────────────────────────────────────────────
    test-results/chat-interface-SwarmDirect-8dea7-gorize-activity-log-entries-chromium/test-failed-1.png
    ────────────────────────────────────────────────────────────────────────────────────────────────

    attachment #2: video (video/webm) ──────────────────────────────────────────────────────────────
    test-results/chat-interface-SwarmDirect-8dea7-gorize-activity-log-entries-chromium/video.webm
    ────────────────────────────────────────────────────────────────────────────────────────────────

    Error Context: ../../test-results/chat-interface-SwarmDirect-8dea7-gorize-activity-log-entries-chromium/error-context.md
]]>
</failure>
<system-out>
<![CDATA[
[[ATTACHMENT|chat-interface-SwarmDirect-8dea7-gorize-activity-log-entries-chromium/test-failed-1.png]]

[[ATTACHMENT|chat-interface-SwarmDirect-8dea7-gorize-activity-log-entries-chromium/video.webm]]

[[ATTACHMENT|chat-interface-SwarmDirect-8dea7-gorize-activity-log-entries-chromium/error-context.md]]
]]>
</system-out>
</testcase>
<testcase name="SwarmDirector Chat Interface › Connection Status and Error Handling › should display connection status" classname="chat-interface.spec.js" time="7.783">
<failure message="chat-interface.spec.js:118:5 should display connection status" type="FAILURE">
<![CDATA[  [chromium] › chat-interface.spec.js:118:5 › SwarmDirector Chat Interface › Connection Status and Error Handling › should display connection status 

    Error: Timed out 5000ms waiting for expect(locator).toBeVisible()

    Locator: locator('.connection-status')
    Expected: visible
    Received: <element(s) not found>
    Call log:
      - Expect "toBeVisible" with timeout 5000ms
      - waiting for locator('.connection-status')


      119 |       const connectionStatus = page.locator('.connection-status');
      120 |       
    > 121 |       await expect(connectionStatus).toBeVisible();
          |                                      ^
      122 |       
      123 |       // Should show initial disconnected state
      124 |       await expect(connectionStatus).toContainText('Disconnected');
        at /Users/shrenilpatel/Github/SwarmDirector/tests/e2e/chat-interface.spec.js:121:38

    attachment #1: screenshot (image/png) ──────────────────────────────────────────────────────────
    test-results/chat-interface-SwarmDirect-6b9aa-d-display-connection-status-chromium/test-failed-1.png
    ────────────────────────────────────────────────────────────────────────────────────────────────

    attachment #2: video (video/webm) ──────────────────────────────────────────────────────────────
    test-results/chat-interface-SwarmDirect-6b9aa-d-display-connection-status-chromium/video.webm
    ────────────────────────────────────────────────────────────────────────────────────────────────

    Error Context: ../../test-results/chat-interface-SwarmDirect-6b9aa-d-display-connection-status-chromium/error-context.md
]]>
</failure>
<system-out>
<![CDATA[
[[ATTACHMENT|chat-interface-SwarmDirect-6b9aa-d-display-connection-status-chromium/test-failed-1.png]]

[[ATTACHMENT|chat-interface-SwarmDirect-6b9aa-d-display-connection-status-chromium/video.webm]]

[[ATTACHMENT|chat-interface-SwarmDirect-6b9aa-d-display-connection-status-chromium/error-context.md]]
]]>
</system-out>
</testcase>
<testcase name="SwarmDirector Chat Interface › Connection Status and Error Handling › should handle connection errors gracefully" classname="chat-interface.spec.js" time="4.026">
</testcase>
<testcase name="SwarmDirector Chat Interface › Accessibility and Usability › should have proper ARIA labels" classname="chat-interface.spec.js" time="7.288">
<failure message="chat-interface.spec.js:152:5 should have proper ARIA labels" type="FAILURE">
<![CDATA[  [chromium] › chat-interface.spec.js:152:5 › SwarmDirector Chat Interface › Accessibility and Usability › should have proper ARIA labels 

    Error: Timed out 5000ms waiting for expect(locator).toHaveAttribute()

    Locator: locator('#messageInput')
    Expected: have attribute
    Received: <element(s) not found>
    Call log:
      - Expect "toHaveAttribute" with timeout 5000ms
      - waiting for locator('#messageInput')


      152 |     test('should have proper ARIA labels', async ({ page }) => {
      153 |       // Check for accessibility attributes
    > 154 |       await expect(page.locator('#messageInput')).toHaveAttribute('placeholder');
          |                                                   ^
      155 |       await expect(page.locator('button[type="submit"]')).toHaveAttribute('type', 'submit');
      156 |       
      157 |       // Form should have proper structure
        at /Users/shrenilpatel/Github/SwarmDirector/tests/e2e/chat-interface.spec.js:154:51

    attachment #1: screenshot (image/png) ──────────────────────────────────────────────────────────
    test-results/chat-interface-SwarmDirect-cc7a4-uld-have-proper-ARIA-labels-chromium/test-failed-1.png
    ────────────────────────────────────────────────────────────────────────────────────────────────

    attachment #2: video (video/webm) ──────────────────────────────────────────────────────────────
    test-results/chat-interface-SwarmDirect-cc7a4-uld-have-proper-ARIA-labels-chromium/video.webm
    ────────────────────────────────────────────────────────────────────────────────────────────────

    Error Context: ../../test-results/chat-interface-SwarmDirect-cc7a4-uld-have-proper-ARIA-labels-chromium/error-context.md
]]>
</failure>
<system-out>
<![CDATA[
[[ATTACHMENT|chat-interface-SwarmDirect-cc7a4-uld-have-proper-ARIA-labels-chromium/test-failed-1.png]]

[[ATTACHMENT|chat-interface-SwarmDirect-cc7a4-uld-have-proper-ARIA-labels-chromium/video.webm]]

[[ATTACHMENT|chat-interface-SwarmDirect-cc7a4-uld-have-proper-ARIA-labels-chromium/error-context.md]]
]]>
</system-out>
</testcase>
<testcase name="SwarmDirector Chat Interface › Accessibility and Usability › should support keyboard navigation" classname="chat-interface.spec.js" time="12.138">
<failure message="chat-interface.spec.js:161:5 should support keyboard navigation" type="FAILURE">
<![CDATA[  [chromium] › chat-interface.spec.js:161:5 › SwarmDirector Chat Interface › Accessibility and Usability › should support keyboard navigation 

    TimeoutError: locator.focus: Timeout 10000ms exceeded.
    Call log:
      - waiting for locator('#messageInput')


      165 |       // Message input should be focusable
      166 |       const messageInput = page.locator('#messageInput');
    > 167 |       await messageInput.focus();
          |                          ^
      168 |       await expect(messageInput).toBeFocused();
      169 |       
      170 |       // Send button should be reachable via tab
        at /Users/shrenilpatel/Github/SwarmDirector/tests/e2e/chat-interface.spec.js:167:26

    attachment #1: screenshot (image/png) ──────────────────────────────────────────────────────────
    test-results/chat-interface-SwarmDirect-17a83-support-keyboard-navigation-chromium/test-failed-1.png
    ────────────────────────────────────────────────────────────────────────────────────────────────

    attachment #2: video (video/webm) ──────────────────────────────────────────────────────────────
    test-results/chat-interface-SwarmDirect-17a83-support-keyboard-navigation-chromium/video.webm
    ────────────────────────────────────────────────────────────────────────────────────────────────

    Error Context: ../../test-results/chat-interface-SwarmDirect-17a83-support-keyboard-navigation-chromium/error-context.md
]]>
</failure>
<system-out>
<![CDATA[
[[ATTACHMENT|chat-interface-SwarmDirect-17a83-support-keyboard-navigation-chromium/test-failed-1.png]]

[[ATTACHMENT|chat-interface-SwarmDirect-17a83-support-keyboard-navigation-chromium/video.webm]]

[[ATTACHMENT|chat-interface-SwarmDirect-17a83-support-keyboard-navigation-chromium/error-context.md]]
]]>
</system-out>
</testcase>
<testcase name="SwarmDirector Chat Interface › Performance and Loading › should load within reasonable time" classname="chat-interface.spec.js" time="2.442">
</testcase>
<testcase name="SwarmDirector Chat Interface › Performance and Loading › should handle rapid interactions" classname="chat-interface.spec.js" time="12.19">
<failure message="chat-interface.spec.js:191:5 should handle rapid interactions" type="FAILURE">
<![CDATA[  [chromium] › chat-interface.spec.js:191:5 › SwarmDirector Chat Interface › Performance and Loading › should handle rapid interactions 

    TimeoutError: locator.fill: Timeout 10000ms exceeded.
    Call log:
      - waiting for locator('#messageInput')


      194 |       // Rapidly type and clear input
      195 |       for (let i = 0; i < 5; i++) {
    > 196 |         await messageInput.fill(`Message ${i}`);
          |                            ^
      197 |         await messageInput.clear();
      198 |       }
      199 |       
        at /Users/shrenilpatel/Github/SwarmDirector/tests/e2e/chat-interface.spec.js:196:28

    attachment #1: screenshot (image/png) ──────────────────────────────────────────────────────────
    test-results/chat-interface-SwarmDirect-4fc01-d-handle-rapid-interactions-chromium/test-failed-1.png
    ────────────────────────────────────────────────────────────────────────────────────────────────

    attachment #2: video (video/webm) ──────────────────────────────────────────────────────────────
    test-results/chat-interface-SwarmDirect-4fc01-d-handle-rapid-interactions-chromium/video.webm
    ────────────────────────────────────────────────────────────────────────────────────────────────

    Error Context: ../../test-results/chat-interface-SwarmDirect-4fc01-d-handle-rapid-interactions-chromium/error-context.md
]]>
</failure>
<system-out>
<![CDATA[
[[ATTACHMENT|chat-interface-SwarmDirect-4fc01-d-handle-rapid-interactions-chromium/test-failed-1.png]]

[[ATTACHMENT|chat-interface-SwarmDirect-4fc01-d-handle-rapid-interactions-chromium/video.webm]]

[[ATTACHMENT|chat-interface-SwarmDirect-4fc01-d-handle-rapid-interactions-chromium/error-context.md]]
]]>
</system-out>
</testcase>
<testcase name="Cross-Browser Compatibility › should work in different browsers" classname="chat-interface.spec.js" time="6.787">
<failure message="chat-interface.spec.js:209:3 should work in different browsers" type="FAILURE">
<![CDATA[  [chromium] › chat-interface.spec.js:209:3 › Cross-Browser Compatibility › should work in different browsers 

    Error: Timed out 5000ms waiting for expect(locator).toBeVisible()

    Locator: locator('#messageInput')
    Expected: visible
    Received: <element(s) not found>
    Call log:
      - Expect "toBeVisible" with timeout 5000ms
      - waiting for locator('#messageInput')


      214 |     
      215 |     // Basic functionality should work across browsers
    > 216 |     await expect(page.locator('#messageInput')).toBeVisible();
          |                                                 ^
      217 |     await expect(page.locator('button[type="submit"]')).toBeVisible();
      218 |     
      219 |     // Log browser for debugging
        at /Users/shrenilpatel/Github/SwarmDirector/tests/e2e/chat-interface.spec.js:216:49

    attachment #1: screenshot (image/png) ──────────────────────────────────────────────────────────
    test-results/chat-interface-Cross-Brows-98eeb--work-in-different-browsers-chromium/test-failed-1.png
    ────────────────────────────────────────────────────────────────────────────────────────────────

    attachment #2: video (video/webm) ──────────────────────────────────────────────────────────────
    test-results/chat-interface-Cross-Brows-98eeb--work-in-different-browsers-chromium/video.webm
    ────────────────────────────────────────────────────────────────────────────────────────────────

    Error Context: ../../test-results/chat-interface-Cross-Brows-98eeb--work-in-different-browsers-chromium/error-context.md
]]>
</failure>
<system-out>
<![CDATA[
[[ATTACHMENT|chat-interface-Cross-Brows-98eeb--work-in-different-browsers-chromium/test-failed-1.png]]

[[ATTACHMENT|chat-interface-Cross-Brows-98eeb--work-in-different-browsers-chromium/video.webm]]

[[ATTACHMENT|chat-interface-Cross-Brows-98eeb--work-in-different-browsers-chromium/error-context.md]]
]]>
</system-out>
</testcase>
</testsuite>
<testsuite name="chat-interface.spec.js" timestamp="2025-06-13T02:38:15.008Z" hostname="firefox" tests="14" failures="12" skipped="0" time="184.298" errors="0">
<testcase name="SwarmDirector Chat Interface › Page Load and Initial State › should load chat page successfully" classname="chat-interface.spec.js" time="20.803">
<failure message="chat-interface.spec.js:18:5 should load chat page successfully" type="FAILURE">
<![CDATA[  [firefox] › chat-interface.spec.js:18:5 › SwarmDirector Chat Interface › Page Load and Initial State › should load chat page successfully 

    Error: Timed out 5000ms waiting for expect(locator).toBeVisible()

    Locator: locator('#messageInput')
    Expected: visible
    Received: <element(s) not found>
    Call log:
      - Expect "toBeVisible" with timeout 5000ms
      - waiting for locator('#messageInput')


      22 |       // Check main components are present
      23 |       await expect(page.locator('h1')).toContainText('SwarmDirector Chat');
    > 24 |       await expect(page.locator('#messageInput')).toBeVisible();
         |                                                   ^
      25 |       await expect(page.locator('button[type="submit"]')).toBeVisible();
      26 |       await expect(page.locator('#messagesContainer')).toBeVisible();
      27 |       await expect(page.locator('#activityLog')).toBeVisible();
        at /Users/shrenilpatel/Github/SwarmDirector/tests/e2e/chat-interface.spec.js:24:51

    attachment #1: screenshot (image/png) ──────────────────────────────────────────────────────────
    test-results/chat-interface-SwarmDirect-ab4d2-load-chat-page-successfully-firefox/test-failed-1.png
    ────────────────────────────────────────────────────────────────────────────────────────────────

    attachment #2: video (video/webm) ──────────────────────────────────────────────────────────────
    test-results/chat-interface-SwarmDirect-ab4d2-load-chat-page-successfully-firefox/video.webm
    ────────────────────────────────────────────────────────────────────────────────────────────────

    Error Context: ../../test-results/chat-interface-SwarmDirect-ab4d2-load-chat-page-successfully-firefox/error-context.md
]]>
</failure>
<system-out>
<![CDATA[
[[ATTACHMENT|chat-interface-SwarmDirect-ab4d2-load-chat-page-successfully-firefox/test-failed-1.png]]

[[ATTACHMENT|chat-interface-SwarmDirect-ab4d2-load-chat-page-successfully-firefox/video.webm]]

[[ATTACHMENT|chat-interface-SwarmDirect-ab4d2-load-chat-page-successfully-firefox/error-context.md]]
]]>
</system-out>
</testcase>
<testcase name="SwarmDirector Chat Interface › Page Load and Initial State › should show initial welcome state" classname="chat-interface.spec.js" time="11.341">
<failure message="chat-interface.spec.js:30:5 should show initial welcome state" type="FAILURE">
<![CDATA[  [firefox] › chat-interface.spec.js:30:5 › SwarmDirector Chat Interface › Page Load and Initial State › should show initial welcome state 

    Error: expect.toContainText: Error: strict mode violation: locator('.text-gray-500') resolved to 7 elements:
        1) <p class="text-gray-500">Start a conversation with our AI agent system</p> aka getByText('Start a conversation with our')
        2) <span class="text-gray-500" x-text="formatTime(activity.timestamp)">22:39:00</span> aka getByText(':39:00').first()
        3) <span class="text-gray-500" x-text="formatTime(activity.timestamp)">22:39:00</span> aka getByText(':39:00').nth(1)
        4) <span class="text-gray-500" x-text="formatTime(activity.timestamp)">22:38:58</span> aka getByText(':38:58').first()
        5) <span class="text-gray-500" x-text="formatTime(activity.timestamp)">22:38:58</span> aka getByText(':38:58').nth(1)
        6) <span class="text-gray-500" x-text="formatTime(activity.timestamp)">22:38:58</span> aka getByText(':38:58').nth(2)
        7) <span class="text-gray-500" x-text="formatTime(activity.timestamp)">22:38:58</span> aka getByText(':38:58').nth(3)

    Call log:
      - Expect "toContainText" with timeout 5000ms
      - waiting for locator('.text-gray-500')


      30 |     test('should show initial welcome state', async ({ page }) => {
      31 |       // Check welcome message is displayed
    > 32 |       await expect(page.locator('.text-gray-500')).toContainText('Start a conversation with SwarmDirector');
         |                                                    ^
      33 |       
      34 |       // Check connection status shows disconnected initially
      35 |       await expect(page.locator('.connection-status')).toContainText('Disconnected');
        at /Users/shrenilpatel/Github/SwarmDirector/tests/e2e/chat-interface.spec.js:32:52

    attachment #1: screenshot (image/png) ──────────────────────────────────────────────────────────
    test-results/chat-interface-SwarmDirect-295cc--show-initial-welcome-state-firefox/test-failed-1.png
    ────────────────────────────────────────────────────────────────────────────────────────────────

    attachment #2: video (video/webm) ──────────────────────────────────────────────────────────────
    test-results/chat-interface-SwarmDirect-295cc--show-initial-welcome-state-firefox/video.webm
    ────────────────────────────────────────────────────────────────────────────────────────────────

    Error Context: ../../test-results/chat-interface-SwarmDirect-295cc--show-initial-welcome-state-firefox/error-context.md
]]>
</failure>
<system-out>
<![CDATA[
[[ATTACHMENT|chat-interface-SwarmDirect-295cc--show-initial-welcome-state-firefox/test-failed-1.png]]

[[ATTACHMENT|chat-interface-SwarmDirect-295cc--show-initial-welcome-state-firefox/video.webm]]

[[ATTACHMENT|chat-interface-SwarmDirect-295cc--show-initial-welcome-state-firefox/error-context.md]]
]]>
</system-out>
</testcase>
<testcase name="SwarmDirector Chat Interface › Page Load and Initial State › should have proper responsive layout" classname="chat-interface.spec.js" time="18.737">
<failure message="chat-interface.spec.js:41:5 should have proper responsive layout" type="FAILURE">
<![CDATA[  [firefox] › chat-interface.spec.js:41:5 › SwarmDirector Chat Interface › Page Load and Initial State › should have proper responsive layout 

    Error: Timed out 5000ms waiting for expect(locator).toBeVisible()

    Locator: locator('.chat-container')
    Expected: visible
    Received: <element(s) not found>
    Call log:
      - Expect "toBeVisible" with timeout 5000ms
      - waiting for locator('.chat-container')


      42 |       // Test desktop layout
      43 |       await page.setViewportSize({ width: 1200, height: 800 });
    > 44 |       await expect(page.locator('.chat-container')).toBeVisible();
         |                                                     ^
      45 |       await expect(page.locator('.activity-panel')).toBeVisible();
      46 |       
      47 |       // Test mobile layout
        at /Users/shrenilpatel/Github/SwarmDirector/tests/e2e/chat-interface.spec.js:44:53

    attachment #1: screenshot (image/png) ──────────────────────────────────────────────────────────
    test-results/chat-interface-SwarmDirect-f20a9-ve-proper-responsive-layout-firefox/test-failed-1.png
    ────────────────────────────────────────────────────────────────────────────────────────────────

    attachment #2: video (video/webm) ──────────────────────────────────────────────────────────────
    test-results/chat-interface-SwarmDirect-f20a9-ve-proper-responsive-layout-firefox/video.webm
    ────────────────────────────────────────────────────────────────────────────────────────────────

    Error Context: ../../test-results/chat-interface-SwarmDirect-f20a9-ve-proper-responsive-layout-firefox/error-context.md
]]>
</failure>
<system-out>
<![CDATA[
[[ATTACHMENT|chat-interface-SwarmDirect-f20a9-ve-proper-responsive-layout-firefox/test-failed-1.png]]

[[ATTACHMENT|chat-interface-SwarmDirect-f20a9-ve-proper-responsive-layout-firefox/video.webm]]

[[ATTACHMENT|chat-interface-SwarmDirect-f20a9-ve-proper-responsive-layout-firefox/error-context.md]]
]]>
</system-out>
</testcase>
<testcase name="SwarmDirector Chat Interface › Message Input and Validation › should validate message input" classname="chat-interface.spec.js" time="25.979">
<failure message="chat-interface.spec.js:57:5 should validate message input" type="FAILURE">
<![CDATA[  [firefox] › chat-interface.spec.js:57:5 › SwarmDirector Chat Interface › Message Input and Validation › should validate message input 

    TimeoutError: locator.fill: Timeout 10000ms exceeded.
    Call log:
      - waiting for locator('#messageInput')


      60 |       
      61 |       // Empty message should not be sendable
    > 62 |       await messageInput.fill('');
         |                          ^
      63 |       await expect(sendButton).toBeDisabled();
      64 |       
      65 |       // Whitespace-only message should not be sendable
        at /Users/shrenilpatel/Github/SwarmDirector/tests/e2e/chat-interface.spec.js:62:26

    attachment #1: screenshot (image/png) ──────────────────────────────────────────────────────────
    test-results/chat-interface-SwarmDirect-074cb-ould-validate-message-input-firefox/test-failed-1.png
    ────────────────────────────────────────────────────────────────────────────────────────────────

    attachment #2: video (video/webm) ──────────────────────────────────────────────────────────────
    test-results/chat-interface-SwarmDirect-074cb-ould-validate-message-input-firefox/video.webm
    ────────────────────────────────────────────────────────────────────────────────────────────────

    Error Context: ../../test-results/chat-interface-SwarmDirect-074cb-ould-validate-message-input-firefox/error-context.md
]]>
</failure>
<system-out>
<![CDATA[
[[ATTACHMENT|chat-interface-SwarmDirect-074cb-ould-validate-message-input-firefox/test-failed-1.png]]

[[ATTACHMENT|chat-interface-SwarmDirect-074cb-ould-validate-message-input-firefox/video.webm]]

[[ATTACHMENT|chat-interface-SwarmDirect-074cb-ould-validate-message-input-firefox/error-context.md]]
]]>
</system-out>
</testcase>
<testcase name="SwarmDirector Chat Interface › Message Input and Validation › should handle keyboard interactions" classname="chat-interface.spec.js" time="16.562">
<failure message="chat-interface.spec.js:75:5 should handle keyboard interactions" type="FAILURE">
<![CDATA[  [firefox] › chat-interface.spec.js:75:5 › SwarmDirector Chat Interface › Message Input and Validation › should handle keyboard interactions 

    TimeoutError: locator.focus: Timeout 10000ms exceeded.
    Call log:
      - waiting for locator('#messageInput')


      77 |       
      78 |       // Focus on input
    > 79 |       await messageInput.focus();
         |                          ^
      80 |       await expect(messageInput).toBeFocused();
      81 |       
      82 |       // Type message
        at /Users/shrenilpatel/Github/SwarmDirector/tests/e2e/chat-interface.spec.js:79:26

    attachment #1: screenshot (image/png) ──────────────────────────────────────────────────────────
    test-results/chat-interface-SwarmDirect-820cd-andle-keyboard-interactions-firefox/test-failed-1.png
    ────────────────────────────────────────────────────────────────────────────────────────────────

    attachment #2: video (video/webm) ──────────────────────────────────────────────────────────────
    test-results/chat-interface-SwarmDirect-820cd-andle-keyboard-interactions-firefox/video.webm
    ────────────────────────────────────────────────────────────────────────────────────────────────

    Error Context: ../../test-results/chat-interface-SwarmDirect-820cd-andle-keyboard-interactions-firefox/error-context.md
]]>
</failure>
<system-out>
<![CDATA[
[[ATTACHMENT|chat-interface-SwarmDirect-820cd-andle-keyboard-interactions-firefox/test-failed-1.png]]

[[ATTACHMENT|chat-interface-SwarmDirect-820cd-andle-keyboard-interactions-firefox/video.webm]]

[[ATTACHMENT|chat-interface-SwarmDirect-820cd-andle-keyboard-interactions-firefox/error-context.md]]
]]>
</system-out>
</testcase>
<testcase name="SwarmDirector Chat Interface › Activity Log and Transparency Features › should display activity log panel" classname="chat-interface.spec.js" time="10.41">
<failure message="chat-interface.spec.js:93:5 should display activity log panel" type="FAILURE">
<![CDATA[  [firefox] › chat-interface.spec.js:93:5 › SwarmDirector Chat Interface › Activity Log and Transparency Features › should display activity log panel 

    Error: Timed out 5000ms waiting for expect(locator).toBeVisible()

    Locator: locator('#activityLog')
    Expected: visible
    Received: <element(s) not found>
    Call log:
      - Expect "toBeVisible" with timeout 5000ms
      - waiting for locator('#activityLog')


      94 |       const activityLog = page.locator('#activityLog');
      95 |       
    > 96 |       await expect(activityLog).toBeVisible();
         |                                 ^
      97 |       await expect(page.locator('.activity-header')).toContainText('System Activity');
      98 |       
      99 |       // Should show initial connection attempt
        at /Users/shrenilpatel/Github/SwarmDirector/tests/e2e/chat-interface.spec.js:96:33

    attachment #1: screenshot (image/png) ──────────────────────────────────────────────────────────
    test-results/chat-interface-SwarmDirect-1d072--display-activity-log-panel-firefox/test-failed-1.png
    ────────────────────────────────────────────────────────────────────────────────────────────────

    attachment #2: video (video/webm) ──────────────────────────────────────────────────────────────
    test-results/chat-interface-SwarmDirect-1d072--display-activity-log-panel-firefox/video.webm
    ────────────────────────────────────────────────────────────────────────────────────────────────

    Error Context: ../../test-results/chat-interface-SwarmDirect-1d072--display-activity-log-panel-firefox/error-context.md
]]>
</failure>
<system-out>
<![CDATA[
[[ATTACHMENT|chat-interface-SwarmDirect-1d072--display-activity-log-panel-firefox/test-failed-1.png]]

[[ATTACHMENT|chat-interface-SwarmDirect-1d072--display-activity-log-panel-firefox/video.webm]]

[[ATTACHMENT|chat-interface-SwarmDirect-1d072--display-activity-log-panel-firefox/error-context.md]]
]]>
</system-out>
</testcase>
<testcase name="SwarmDirector Chat Interface › Activity Log and Transparency Features › should categorize activity log entries" classname="chat-interface.spec.js" time="5.218">
<failure message="chat-interface.spec.js:103:5 should categorize activity log entries" type="FAILURE">
<![CDATA[  [firefox] › chat-interface.spec.js:103:5 › SwarmDirector Chat Interface › Activity Log and Transparency Features › should categorize activity log entries 

    Error: expect: Property 'toHaveCountGreaterThan' not found.

      107 |       // Check for different types of activity entries
      108 |       const activityEntries = page.locator('.activity-entry');
    > 109 |       await expect(activityEntries).toHaveCountGreaterThan(0);
          |                                    ^
      110 |       
      111 |       // Should have timestamps
      112 |       await expect(page.locator('.activity-timestamp')).toHaveCountGreaterThan(0);
        at /Users/shrenilpatel/Github/SwarmDirector/tests/e2e/chat-interface.spec.js:109:36

    attachment #1: screenshot (image/png) ──────────────────────────────────────────────────────────
    test-results/chat-interface-SwarmDirect-8dea7-gorize-activity-log-entries-firefox/test-failed-1.png
    ────────────────────────────────────────────────────────────────────────────────────────────────

    attachment #2: video (video/webm) ──────────────────────────────────────────────────────────────
    test-results/chat-interface-SwarmDirect-8dea7-gorize-activity-log-entries-firefox/video.webm
    ────────────────────────────────────────────────────────────────────────────────────────────────

    Error Context: ../../test-results/chat-interface-SwarmDirect-8dea7-gorize-activity-log-entries-firefox/error-context.md
]]>
</failure>
<system-out>
<![CDATA[
[[ATTACHMENT|chat-interface-SwarmDirect-8dea7-gorize-activity-log-entries-firefox/test-failed-1.png]]

[[ATTACHMENT|chat-interface-SwarmDirect-8dea7-gorize-activity-log-entries-firefox/video.webm]]

[[ATTACHMENT|chat-interface-SwarmDirect-8dea7-gorize-activity-log-entries-firefox/error-context.md]]
]]>
</system-out>
</testcase>
<testcase name="SwarmDirector Chat Interface › Connection Status and Error Handling › should display connection status" classname="chat-interface.spec.js" time="9.314">
<failure message="chat-interface.spec.js:118:5 should display connection status" type="FAILURE">
<![CDATA[  [firefox] › chat-interface.spec.js:118:5 › SwarmDirector Chat Interface › Connection Status and Error Handling › should display connection status 

    Error: Timed out 5000ms waiting for expect(locator).toBeVisible()

    Locator: locator('.connection-status')
    Expected: visible
    Received: <element(s) not found>
    Call log:
      - Expect "toBeVisible" with timeout 5000ms
      - waiting for locator('.connection-status')


      119 |       const connectionStatus = page.locator('.connection-status');
      120 |       
    > 121 |       await expect(connectionStatus).toBeVisible();
          |                                      ^
      122 |       
      123 |       // Should show initial disconnected state
      124 |       await expect(connectionStatus).toContainText('Disconnected');
        at /Users/shrenilpatel/Github/SwarmDirector/tests/e2e/chat-interface.spec.js:121:38

    attachment #1: screenshot (image/png) ──────────────────────────────────────────────────────────
    test-results/chat-interface-SwarmDirect-6b9aa-d-display-connection-status-firefox/test-failed-1.png
    ────────────────────────────────────────────────────────────────────────────────────────────────

    attachment #2: video (video/webm) ──────────────────────────────────────────────────────────────
    test-results/chat-interface-SwarmDirect-6b9aa-d-display-connection-status-firefox/video.webm
    ────────────────────────────────────────────────────────────────────────────────────────────────

    Error Context: ../../test-results/chat-interface-SwarmDirect-6b9aa-d-display-connection-status-firefox/error-context.md
]]>
</failure>
<system-out>
<![CDATA[
[[ATTACHMENT|chat-interface-SwarmDirect-6b9aa-d-display-connection-status-firefox/test-failed-1.png]]

[[ATTACHMENT|chat-interface-SwarmDirect-6b9aa-d-display-connection-status-firefox/video.webm]]

[[ATTACHMENT|chat-interface-SwarmDirect-6b9aa-d-display-connection-status-firefox/error-context.md]]
]]>
</system-out>
</testcase>
<testcase name="SwarmDirector Chat Interface › Connection Status and Error Handling › should handle connection errors gracefully" classname="chat-interface.spec.js" time="7.471">
</testcase>
<testcase name="SwarmDirector Chat Interface › Accessibility and Usability › should have proper ARIA labels" classname="chat-interface.spec.js" time="11.615">
<failure message="chat-interface.spec.js:152:5 should have proper ARIA labels" type="FAILURE">
<![CDATA[  [firefox] › chat-interface.spec.js:152:5 › SwarmDirector Chat Interface › Accessibility and Usability › should have proper ARIA labels 

    Error: Timed out 5000ms waiting for expect(locator).toHaveAttribute()

    Locator: locator('#messageInput')
    Expected: have attribute
    Received: <element(s) not found>
    Call log:
      - Expect "toHaveAttribute" with timeout 5000ms
      - waiting for locator('#messageInput')


      152 |     test('should have proper ARIA labels', async ({ page }) => {
      153 |       // Check for accessibility attributes
    > 154 |       await expect(page.locator('#messageInput')).toHaveAttribute('placeholder');
          |                                                   ^
      155 |       await expect(page.locator('button[type="submit"]')).toHaveAttribute('type', 'submit');
      156 |       
      157 |       // Form should have proper structure
        at /Users/shrenilpatel/Github/SwarmDirector/tests/e2e/chat-interface.spec.js:154:51

    attachment #1: screenshot (image/png) ──────────────────────────────────────────────────────────
    test-results/chat-interface-SwarmDirect-cc7a4-uld-have-proper-ARIA-labels-firefox/test-failed-1.png
    ────────────────────────────────────────────────────────────────────────────────────────────────

    attachment #2: video (video/webm) ──────────────────────────────────────────────────────────────
    test-results/chat-interface-SwarmDirect-cc7a4-uld-have-proper-ARIA-labels-firefox/video.webm
    ────────────────────────────────────────────────────────────────────────────────────────────────

    Error Context: ../../test-results/chat-interface-SwarmDirect-cc7a4-uld-have-proper-ARIA-labels-firefox/error-context.md
]]>
</failure>
<system-out>
<![CDATA[
[[ATTACHMENT|chat-interface-SwarmDirect-cc7a4-uld-have-proper-ARIA-labels-firefox/test-failed-1.png]]

[[ATTACHMENT|chat-interface-SwarmDirect-cc7a4-uld-have-proper-ARIA-labels-firefox/video.webm]]

[[ATTACHMENT|chat-interface-SwarmDirect-cc7a4-uld-have-proper-ARIA-labels-firefox/error-context.md]]
]]>
</system-out>
</testcase>
<testcase name="SwarmDirector Chat Interface › Accessibility and Usability › should support keyboard navigation" classname="chat-interface.spec.js" time="16.938">
<failure message="chat-interface.spec.js:161:5 should support keyboard navigation" type="FAILURE">
<![CDATA[  [firefox] › chat-interface.spec.js:161:5 › SwarmDirector Chat Interface › Accessibility and Usability › should support keyboard navigation 

    TimeoutError: locator.focus: Timeout 10000ms exceeded.
    Call log:
      - waiting for locator('#messageInput')


      165 |       // Message input should be focusable
      166 |       const messageInput = page.locator('#messageInput');
    > 167 |       await messageInput.focus();
          |                          ^
      168 |       await expect(messageInput).toBeFocused();
      169 |       
      170 |       // Send button should be reachable via tab
        at /Users/shrenilpatel/Github/SwarmDirector/tests/e2e/chat-interface.spec.js:167:26

    attachment #1: screenshot (image/png) ──────────────────────────────────────────────────────────
    test-results/chat-interface-SwarmDirect-17a83-support-keyboard-navigation-firefox/test-failed-1.png
    ────────────────────────────────────────────────────────────────────────────────────────────────

    attachment #2: video (video/webm) ──────────────────────────────────────────────────────────────
    test-results/chat-interface-SwarmDirect-17a83-support-keyboard-navigation-firefox/video.webm
    ────────────────────────────────────────────────────────────────────────────────────────────────

    Error Context: ../../test-results/chat-interface-SwarmDirect-17a83-support-keyboard-navigation-firefox/error-context.md
]]>
</failure>
<system-out>
<![CDATA[
[[ATTACHMENT|chat-interface-SwarmDirect-17a83-support-keyboard-navigation-firefox/test-failed-1.png]]

[[ATTACHMENT|chat-interface-SwarmDirect-17a83-support-keyboard-navigation-firefox/video.webm]]

[[ATTACHMENT|chat-interface-SwarmDirect-17a83-support-keyboard-navigation-firefox/error-context.md]]
]]>
</system-out>
</testcase>
<testcase name="SwarmDirector Chat Interface › Performance and Loading › should load within reasonable time" classname="chat-interface.spec.js" time="5.973">
</testcase>
<testcase name="SwarmDirector Chat Interface › Performance and Loading › should handle rapid interactions" classname="chat-interface.spec.js" time="14.345">
<failure message="chat-interface.spec.js:191:5 should handle rapid interactions" type="FAILURE">
<![CDATA[  [firefox] › chat-interface.spec.js:191:5 › SwarmDirector Chat Interface › Performance and Loading › should handle rapid interactions 

    TimeoutError: locator.fill: Timeout 10000ms exceeded.
    Call log:
      - waiting for locator('#messageInput')


      194 |       // Rapidly type and clear input
      195 |       for (let i = 0; i < 5; i++) {
    > 196 |         await messageInput.fill(`Message ${i}`);
          |                            ^
      197 |         await messageInput.clear();
      198 |       }
      199 |       
        at /Users/shrenilpatel/Github/SwarmDirector/tests/e2e/chat-interface.spec.js:196:28

    attachment #1: screenshot (image/png) ──────────────────────────────────────────────────────────
    test-results/chat-interface-SwarmDirect-4fc01-d-handle-rapid-interactions-firefox/test-failed-1.png
    ────────────────────────────────────────────────────────────────────────────────────────────────

    attachment #2: video (video/webm) ──────────────────────────────────────────────────────────────
    test-results/chat-interface-SwarmDirect-4fc01-d-handle-rapid-interactions-firefox/video.webm
    ────────────────────────────────────────────────────────────────────────────────────────────────

    Error Context: ../../test-results/chat-interface-SwarmDirect-4fc01-d-handle-rapid-interactions-firefox/error-context.md
]]>
</failure>
<system-out>
<![CDATA[
[[ATTACHMENT|chat-interface-SwarmDirect-4fc01-d-handle-rapid-interactions-firefox/test-failed-1.png]]

[[ATTACHMENT|chat-interface-SwarmDirect-4fc01-d-handle-rapid-interactions-firefox/video.webm]]

[[ATTACHMENT|chat-interface-SwarmDirect-4fc01-d-handle-rapid-interactions-firefox/error-context.md]]
]]>
</system-out>
</testcase>
<testcase name="Cross-Browser Compatibility › should work in different browsers" classname="chat-interface.spec.js" time="9.592">
<failure message="chat-interface.spec.js:209:3 should work in different browsers" type="FAILURE">
<![CDATA[  [firefox] › chat-interface.spec.js:209:3 › Cross-Browser Compatibility › should work in different browsers 

    Error: Timed out 5000ms waiting for expect(locator).toBeVisible()

    Locator: locator('#messageInput')
    Expected: visible
    Received: <element(s) not found>
    Call log:
      - Expect "toBeVisible" with timeout 5000ms
      - waiting for locator('#messageInput')


      214 |     
      215 |     // Basic functionality should work across browsers
    > 216 |     await expect(page.locator('#messageInput')).toBeVisible();
          |                                                 ^
      217 |     await expect(page.locator('button[type="submit"]')).toBeVisible();
      218 |     
      219 |     // Log browser for debugging
        at /Users/shrenilpatel/Github/SwarmDirector/tests/e2e/chat-interface.spec.js:216:49

    attachment #1: screenshot (image/png) ──────────────────────────────────────────────────────────
    test-results/chat-interface-Cross-Brows-98eeb--work-in-different-browsers-firefox/test-failed-1.png
    ────────────────────────────────────────────────────────────────────────────────────────────────

    attachment #2: video (video/webm) ──────────────────────────────────────────────────────────────
    test-results/chat-interface-Cross-Brows-98eeb--work-in-different-browsers-firefox/video.webm
    ────────────────────────────────────────────────────────────────────────────────────────────────

    Error Context: ../../test-results/chat-interface-Cross-Brows-98eeb--work-in-different-browsers-firefox/error-context.md
]]>
</failure>
<system-out>
<![CDATA[
[[ATTACHMENT|chat-interface-Cross-Brows-98eeb--work-in-different-browsers-firefox/test-failed-1.png]]

[[ATTACHMENT|chat-interface-Cross-Brows-98eeb--work-in-different-browsers-firefox/video.webm]]

[[ATTACHMENT|chat-interface-Cross-Brows-98eeb--work-in-different-browsers-firefox/error-context.md]]
]]>
</system-out>
</testcase>
</testsuite>
<testsuite name="chat-interface.spec.js" timestamp="2025-06-13T02:38:15.008Z" hostname="webkit" tests="14" failures="12" skipped="0" time="243.321" errors="0">
<testcase name="SwarmDirector Chat Interface › Page Load and Initial State › should load chat page successfully" classname="chat-interface.spec.js" time="27.121">
<failure message="chat-interface.spec.js:18:5 should load chat page successfully" type="FAILURE">
<![CDATA[  [webkit] › chat-interface.spec.js:18:5 › SwarmDirector Chat Interface › Page Load and Initial State › should load chat page successfully 

    Error: Timed out 5000ms waiting for expect(locator).toBeVisible()

    Locator: locator('#messageInput')
    Expected: visible
    Received: <element(s) not found>
    Call log:
      - Expect "toBeVisible" with timeout 5000ms
      - waiting for locator('#messageInput')


      22 |       // Check main components are present
      23 |       await expect(page.locator('h1')).toContainText('SwarmDirector Chat');
    > 24 |       await expect(page.locator('#messageInput')).toBeVisible();
         |                                                   ^
      25 |       await expect(page.locator('button[type="submit"]')).toBeVisible();
      26 |       await expect(page.locator('#messagesContainer')).toBeVisible();
      27 |       await expect(page.locator('#activityLog')).toBeVisible();
        at /Users/shrenilpatel/Github/SwarmDirector/tests/e2e/chat-interface.spec.js:24:51

    attachment #1: screenshot (image/png) ──────────────────────────────────────────────────────────
    test-results/chat-interface-SwarmDirect-ab4d2-load-chat-page-successfully-webkit/test-failed-1.png
    ────────────────────────────────────────────────────────────────────────────────────────────────

    attachment #2: video (video/webm) ──────────────────────────────────────────────────────────────
    test-results/chat-interface-SwarmDirect-ab4d2-load-chat-page-successfully-webkit/video.webm
    ────────────────────────────────────────────────────────────────────────────────────────────────

    Error Context: ../../test-results/chat-interface-SwarmDirect-ab4d2-load-chat-page-successfully-webkit/error-context.md
]]>
</failure>
<system-out>
<![CDATA[
[[ATTACHMENT|chat-interface-SwarmDirect-ab4d2-load-chat-page-successfully-webkit/test-failed-1.png]]

[[ATTACHMENT|chat-interface-SwarmDirect-ab4d2-load-chat-page-successfully-webkit/video.webm]]

[[ATTACHMENT|chat-interface-SwarmDirect-ab4d2-load-chat-page-successfully-webkit/error-context.md]]
]]>
</system-out>
</testcase>
<testcase name="SwarmDirector Chat Interface › Page Load and Initial State › should show initial welcome state" classname="chat-interface.spec.js" time="22.806">
<failure message="chat-interface.spec.js:30:5 should show initial welcome state" type="FAILURE">
<![CDATA[  [webkit] › chat-interface.spec.js:30:5 › SwarmDirector Chat Interface › Page Load and Initial State › should show initial welcome state 

    Error: expect.toContainText: Error: strict mode violation: locator('.text-gray-500') resolved to 7 elements:
        1) <p class="text-gray-500">Start a conversation with our AI agent system</p> aka getByText('Start a conversation with our')
        2) <span class="text-gray-500" x-text="formatTime(activity.timestamp)">22:40:24</span> aka getByText(':40:24').first()
        3) <span class="text-gray-500" x-text="formatTime(activity.timestamp)">22:40:24</span> aka getByText(':40:24').nth(1)
        4) <span class="text-gray-500" x-text="formatTime(activity.timestamp)">22:40:23</span> aka getByText(':40:23').first()
        5) <span class="text-gray-500" x-text="formatTime(activity.timestamp)">22:40:23</span> aka getByText(':40:23').nth(1)
        6) <span class="text-gray-500" x-text="formatTime(activity.timestamp)">22:40:23</span> aka getByText(':40:23').nth(2)
        7) <span class="text-gray-500" x-text="formatTime(activity.timestamp)">22:40:22</span> aka getByText(':40:22')

    Call log:
      - Expect "toContainText" with timeout 5000ms
      - waiting for locator('.text-gray-500')


      30 |     test('should show initial welcome state', async ({ page }) => {
      31 |       // Check welcome message is displayed
    > 32 |       await expect(page.locator('.text-gray-500')).toContainText('Start a conversation with SwarmDirector');
         |                                                    ^
      33 |       
      34 |       // Check connection status shows disconnected initially
      35 |       await expect(page.locator('.connection-status')).toContainText('Disconnected');
        at /Users/shrenilpatel/Github/SwarmDirector/tests/e2e/chat-interface.spec.js:32:52

    attachment #1: screenshot (image/png) ──────────────────────────────────────────────────────────
    test-results/chat-interface-SwarmDirect-295cc--show-initial-welcome-state-webkit/test-failed-1.png
    ────────────────────────────────────────────────────────────────────────────────────────────────

    attachment #2: video (video/webm) ──────────────────────────────────────────────────────────────
    test-results/chat-interface-SwarmDirect-295cc--show-initial-welcome-state-webkit/video.webm
    ────────────────────────────────────────────────────────────────────────────────────────────────

    Error Context: ../../test-results/chat-interface-SwarmDirect-295cc--show-initial-welcome-state-webkit/error-context.md
]]>
</failure>
<system-out>
<![CDATA[
[[ATTACHMENT|chat-interface-SwarmDirect-295cc--show-initial-welcome-state-webkit/test-failed-1.png]]

[[ATTACHMENT|chat-interface-SwarmDirect-295cc--show-initial-welcome-state-webkit/video.webm]]

[[ATTACHMENT|chat-interface-SwarmDirect-295cc--show-initial-welcome-state-webkit/error-context.md]]
]]>
</system-out>
</testcase>
<testcase name="SwarmDirector Chat Interface › Page Load and Initial State › should have proper responsive layout" classname="chat-interface.spec.js" time="27.095">
<failure message="chat-interface.spec.js:41:5 should have proper responsive layout" type="FAILURE">
<![CDATA[  [webkit] › chat-interface.spec.js:41:5 › SwarmDirector Chat Interface › Page Load and Initial State › should have proper responsive layout 

    Error: Timed out 5000ms waiting for expect(locator).toBeVisible()

    Locator: locator('.chat-container')
    Expected: visible
    Received: <element(s) not found>
    Call log:
      - Expect "toBeVisible" with timeout 5000ms
      - waiting for locator('.chat-container')


      42 |       // Test desktop layout
      43 |       await page.setViewportSize({ width: 1200, height: 800 });
    > 44 |       await expect(page.locator('.chat-container')).toBeVisible();
         |                                                     ^
      45 |       await expect(page.locator('.activity-panel')).toBeVisible();
      46 |       
      47 |       // Test mobile layout
        at /Users/shrenilpatel/Github/SwarmDirector/tests/e2e/chat-interface.spec.js:44:53

    attachment #1: screenshot (image/png) ──────────────────────────────────────────────────────────
    test-results/chat-interface-SwarmDirect-f20a9-ve-proper-responsive-layout-webkit/test-failed-1.png
    ────────────────────────────────────────────────────────────────────────────────────────────────

    attachment #2: video (video/webm) ──────────────────────────────────────────────────────────────
    test-results/chat-interface-SwarmDirect-f20a9-ve-proper-responsive-layout-webkit/video.webm
    ────────────────────────────────────────────────────────────────────────────────────────────────

    Error Context: ../../test-results/chat-interface-SwarmDirect-f20a9-ve-proper-responsive-layout-webkit/error-context.md
]]>
</failure>
<system-out>
<![CDATA[
[[ATTACHMENT|chat-interface-SwarmDirect-f20a9-ve-proper-responsive-layout-webkit/test-failed-1.png]]

[[ATTACHMENT|chat-interface-SwarmDirect-f20a9-ve-proper-responsive-layout-webkit/video.webm]]

[[ATTACHMENT|chat-interface-SwarmDirect-f20a9-ve-proper-responsive-layout-webkit/error-context.md]]
]]>
</system-out>
</testcase>
<testcase name="SwarmDirector Chat Interface › Message Input and Validation › should validate message input" classname="chat-interface.spec.js" time="35.225">
<failure message="chat-interface.spec.js:57:5 should validate message input" type="FAILURE">
<![CDATA[  [webkit] › chat-interface.spec.js:57:5 › SwarmDirector Chat Interface › Message Input and Validation › should validate message input 

    TimeoutError: locator.fill: Timeout 10000ms exceeded.
    Call log:
      - waiting for locator('#messageInput')


      60 |       
      61 |       // Empty message should not be sendable
    > 62 |       await messageInput.fill('');
         |                          ^
      63 |       await expect(sendButton).toBeDisabled();
      64 |       
      65 |       // Whitespace-only message should not be sendable
        at /Users/shrenilpatel/Github/SwarmDirector/tests/e2e/chat-interface.spec.js:62:26

    attachment #1: screenshot (image/png) ──────────────────────────────────────────────────────────
    test-results/chat-interface-SwarmDirect-074cb-ould-validate-message-input-webkit/test-failed-1.png
    ────────────────────────────────────────────────────────────────────────────────────────────────

    attachment #2: video (video/webm) ──────────────────────────────────────────────────────────────
    test-results/chat-interface-SwarmDirect-074cb-ould-validate-message-input-webkit/video.webm
    ────────────────────────────────────────────────────────────────────────────────────────────────

    Error Context: ../../test-results/chat-interface-SwarmDirect-074cb-ould-validate-message-input-webkit/error-context.md
]]>
</failure>
<system-out>
<![CDATA[
[[ATTACHMENT|chat-interface-SwarmDirect-074cb-ould-validate-message-input-webkit/test-failed-1.png]]

[[ATTACHMENT|chat-interface-SwarmDirect-074cb-ould-validate-message-input-webkit/video.webm]]

[[ATTACHMENT|chat-interface-SwarmDirect-074cb-ould-validate-message-input-webkit/error-context.md]]
]]>
</system-out>
</testcase>
<testcase name="SwarmDirector Chat Interface › Message Input and Validation › should handle keyboard interactions" classname="chat-interface.spec.js" time="20.328">
<failure message="chat-interface.spec.js:75:5 should handle keyboard interactions" type="FAILURE">
<![CDATA[  [webkit] › chat-interface.spec.js:75:5 › SwarmDirector Chat Interface › Message Input and Validation › should handle keyboard interactions 

    TimeoutError: locator.focus: Timeout 10000ms exceeded.
    Call log:
      - waiting for locator('#messageInput')


      77 |       
      78 |       // Focus on input
    > 79 |       await messageInput.focus();
         |                          ^
      80 |       await expect(messageInput).toBeFocused();
      81 |       
      82 |       // Type message
        at /Users/shrenilpatel/Github/SwarmDirector/tests/e2e/chat-interface.spec.js:79:26

    attachment #1: screenshot (image/png) ──────────────────────────────────────────────────────────
    test-results/chat-interface-SwarmDirect-820cd-andle-keyboard-interactions-webkit/test-failed-1.png
    ────────────────────────────────────────────────────────────────────────────────────────────────

    attachment #2: video (video/webm) ──────────────────────────────────────────────────────────────
    test-results/chat-interface-SwarmDirect-820cd-andle-keyboard-interactions-webkit/video.webm
    ────────────────────────────────────────────────────────────────────────────────────────────────

    Error Context: ../../test-results/chat-interface-SwarmDirect-820cd-andle-keyboard-interactions-webkit/error-context.md
]]>
</failure>
<system-out>
<![CDATA[
[[ATTACHMENT|chat-interface-SwarmDirect-820cd-andle-keyboard-interactions-webkit/test-failed-1.png]]

[[ATTACHMENT|chat-interface-SwarmDirect-820cd-andle-keyboard-interactions-webkit/video.webm]]

[[ATTACHMENT|chat-interface-SwarmDirect-820cd-andle-keyboard-interactions-webkit/error-context.md]]
]]>
</system-out>
</testcase>
<testcase name="SwarmDirector Chat Interface › Activity Log and Transparency Features › should display activity log panel" classname="chat-interface.spec.js" time="14.298">
<failure message="chat-interface.spec.js:93:5 should display activity log panel" type="FAILURE">
<![CDATA[  [webkit] › chat-interface.spec.js:93:5 › SwarmDirector Chat Interface › Activity Log and Transparency Features › should display activity log panel 

    Error: Timed out 5000ms waiting for expect(locator).toBeVisible()

    Locator: locator('#activityLog')
    Expected: visible
    Received: <element(s) not found>
    Call log:
      - Expect "toBeVisible" with timeout 5000ms
      - waiting for locator('#activityLog')


      94 |       const activityLog = page.locator('#activityLog');
      95 |       
    > 96 |       await expect(activityLog).toBeVisible();
         |                                 ^
      97 |       await expect(page.locator('.activity-header')).toContainText('System Activity');
      98 |       
      99 |       // Should show initial connection attempt
        at /Users/shrenilpatel/Github/SwarmDirector/tests/e2e/chat-interface.spec.js:96:33

    attachment #1: screenshot (image/png) ──────────────────────────────────────────────────────────
    test-results/chat-interface-SwarmDirect-1d072--display-activity-log-panel-webkit/test-failed-1.png
    ────────────────────────────────────────────────────────────────────────────────────────────────

    attachment #2: video (video/webm) ──────────────────────────────────────────────────────────────
    test-results/chat-interface-SwarmDirect-1d072--display-activity-log-panel-webkit/video.webm
    ────────────────────────────────────────────────────────────────────────────────────────────────

    Error Context: ../../test-results/chat-interface-SwarmDirect-1d072--display-activity-log-panel-webkit/error-context.md
]]>
</failure>
<system-out>
<![CDATA[
[[ATTACHMENT|chat-interface-SwarmDirect-1d072--display-activity-log-panel-webkit/test-failed-1.png]]

[[ATTACHMENT|chat-interface-SwarmDirect-1d072--display-activity-log-panel-webkit/video.webm]]

[[ATTACHMENT|chat-interface-SwarmDirect-1d072--display-activity-log-panel-webkit/error-context.md]]
]]>
</system-out>
</testcase>
<testcase name="SwarmDirector Chat Interface › Activity Log and Transparency Features › should categorize activity log entries" classname="chat-interface.spec.js" time="9.249">
<failure message="chat-interface.spec.js:103:5 should categorize activity log entries" type="FAILURE">
<![CDATA[  [webkit] › chat-interface.spec.js:103:5 › SwarmDirector Chat Interface › Activity Log and Transparency Features › should categorize activity log entries 

    Error: expect: Property 'toHaveCountGreaterThan' not found.

      107 |       // Check for different types of activity entries
      108 |       const activityEntries = page.locator('.activity-entry');
    > 109 |       await expect(activityEntries).toHaveCountGreaterThan(0);
          |                                    ^
      110 |       
      111 |       // Should have timestamps
      112 |       await expect(page.locator('.activity-timestamp')).toHaveCountGreaterThan(0);
        at /Users/shrenilpatel/Github/SwarmDirector/tests/e2e/chat-interface.spec.js:109:36

    attachment #1: screenshot (image/png) ──────────────────────────────────────────────────────────
    test-results/chat-interface-SwarmDirect-8dea7-gorize-activity-log-entries-webkit/test-failed-1.png
    ────────────────────────────────────────────────────────────────────────────────────────────────

    attachment #2: video (video/webm) ──────────────────────────────────────────────────────────────
    test-results/chat-interface-SwarmDirect-8dea7-gorize-activity-log-entries-webkit/video.webm
    ────────────────────────────────────────────────────────────────────────────────────────────────

    Error Context: ../../test-results/chat-interface-SwarmDirect-8dea7-gorize-activity-log-entries-webkit/error-context.md
]]>
</failure>
<system-out>
<![CDATA[
[[ATTACHMENT|chat-interface-SwarmDirect-8dea7-gorize-activity-log-entries-webkit/test-failed-1.png]]

[[ATTACHMENT|chat-interface-SwarmDirect-8dea7-gorize-activity-log-entries-webkit/video.webm]]

[[ATTACHMENT|chat-interface-SwarmDirect-8dea7-gorize-activity-log-entries-webkit/error-context.md]]
]]>
</system-out>
</testcase>
<testcase name="SwarmDirector Chat Interface › Connection Status and Error Handling › should display connection status" classname="chat-interface.spec.js" time="12.572">
<failure message="chat-interface.spec.js:118:5 should display connection status" type="FAILURE">
<![CDATA[  [webkit] › chat-interface.spec.js:118:5 › SwarmDirector Chat Interface › Connection Status and Error Handling › should display connection status 

    Error: Timed out 5000ms waiting for expect(locator).toBeVisible()

    Locator: locator('.connection-status')
    Expected: visible
    Received: <element(s) not found>
    Call log:
      - Expect "toBeVisible" with timeout 5000ms
      - waiting for locator('.connection-status')


      119 |       const connectionStatus = page.locator('.connection-status');
      120 |       
    > 121 |       await expect(connectionStatus).toBeVisible();
          |                                      ^
      122 |       
      123 |       // Should show initial disconnected state
      124 |       await expect(connectionStatus).toContainText('Disconnected');
        at /Users/shrenilpatel/Github/SwarmDirector/tests/e2e/chat-interface.spec.js:121:38

    attachment #1: screenshot (image/png) ──────────────────────────────────────────────────────────
    test-results/chat-interface-SwarmDirect-6b9aa-d-display-connection-status-webkit/test-failed-1.png
    ────────────────────────────────────────────────────────────────────────────────────────────────

    attachment #2: video (video/webm) ──────────────────────────────────────────────────────────────
    test-results/chat-interface-SwarmDirect-6b9aa-d-display-connection-status-webkit/video.webm
    ────────────────────────────────────────────────────────────────────────────────────────────────

    Error Context: ../../test-results/chat-interface-SwarmDirect-6b9aa-d-display-connection-status-webkit/error-context.md
]]>
</failure>
<system-out>
<![CDATA[
[[ATTACHMENT|chat-interface-SwarmDirect-6b9aa-d-display-connection-status-webkit/test-failed-1.png]]

[[ATTACHMENT|chat-interface-SwarmDirect-6b9aa-d-display-connection-status-webkit/video.webm]]

[[ATTACHMENT|chat-interface-SwarmDirect-6b9aa-d-display-connection-status-webkit/error-context.md]]
]]>
</system-out>
</testcase>
<testcase name="SwarmDirector Chat Interface › Connection Status and Error Handling › should handle connection errors gracefully" classname="chat-interface.spec.js" time="9.6">
</testcase>
<testcase name="SwarmDirector Chat Interface › Accessibility and Usability › should have proper ARIA labels" classname="chat-interface.spec.js" time="12.318">
<failure message="chat-interface.spec.js:152:5 should have proper ARIA labels" type="FAILURE">
<![CDATA[  [webkit] › chat-interface.spec.js:152:5 › SwarmDirector Chat Interface › Accessibility and Usability › should have proper ARIA labels 

    Error: Timed out 5000ms waiting for expect(locator).toHaveAttribute()

    Locator: locator('#messageInput')
    Expected: have attribute
    Received: <element(s) not found>
    Call log:
      - Expect "toHaveAttribute" with timeout 5000ms
      - waiting for locator('#messageInput')


      152 |     test('should have proper ARIA labels', async ({ page }) => {
      153 |       // Check for accessibility attributes
    > 154 |       await expect(page.locator('#messageInput')).toHaveAttribute('placeholder');
          |                                                   ^
      155 |       await expect(page.locator('button[type="submit"]')).toHaveAttribute('type', 'submit');
      156 |       
      157 |       // Form should have proper structure
        at /Users/shrenilpatel/Github/SwarmDirector/tests/e2e/chat-interface.spec.js:154:51

    attachment #1: screenshot (image/png) ──────────────────────────────────────────────────────────
    test-results/chat-interface-SwarmDirect-cc7a4-uld-have-proper-ARIA-labels-webkit/test-failed-1.png
    ────────────────────────────────────────────────────────────────────────────────────────────────

    attachment #2: video (video/webm) ──────────────────────────────────────────────────────────────
    test-results/chat-interface-SwarmDirect-cc7a4-uld-have-proper-ARIA-labels-webkit/video.webm
    ────────────────────────────────────────────────────────────────────────────────────────────────

    Error Context: ../../test-results/chat-interface-SwarmDirect-cc7a4-uld-have-proper-ARIA-labels-webkit/error-context.md
]]>
</failure>
<system-out>
<![CDATA[
[[ATTACHMENT|chat-interface-SwarmDirect-cc7a4-uld-have-proper-ARIA-labels-webkit/test-failed-1.png]]

[[ATTACHMENT|chat-interface-SwarmDirect-cc7a4-uld-have-proper-ARIA-labels-webkit/video.webm]]

[[ATTACHMENT|chat-interface-SwarmDirect-cc7a4-uld-have-proper-ARIA-labels-webkit/error-context.md]]
]]>
</system-out>
</testcase>
<testcase name="SwarmDirector Chat Interface › Accessibility and Usability › should support keyboard navigation" classname="chat-interface.spec.js" time="18.778">
<failure message="chat-interface.spec.js:161:5 should support keyboard navigation" type="FAILURE">
<![CDATA[  [webkit] › chat-interface.spec.js:161:5 › SwarmDirector Chat Interface › Accessibility and Usability › should support keyboard navigation 

    TimeoutError: locator.focus: Timeout 10000ms exceeded.
    Call log:
      - waiting for locator('#messageInput')


      165 |       // Message input should be focusable
      166 |       const messageInput = page.locator('#messageInput');
    > 167 |       await messageInput.focus();
          |                          ^
      168 |       await expect(messageInput).toBeFocused();
      169 |       
      170 |       // Send button should be reachable via tab
        at /Users/shrenilpatel/Github/SwarmDirector/tests/e2e/chat-interface.spec.js:167:26

    attachment #1: screenshot (image/png) ──────────────────────────────────────────────────────────
    test-results/chat-interface-SwarmDirect-17a83-support-keyboard-navigation-webkit/test-failed-1.png
    ────────────────────────────────────────────────────────────────────────────────────────────────

    attachment #2: video (video/webm) ──────────────────────────────────────────────────────────────
    test-results/chat-interface-SwarmDirect-17a83-support-keyboard-navigation-webkit/video.webm
    ────────────────────────────────────────────────────────────────────────────────────────────────

    Error Context: ../../test-results/chat-interface-SwarmDirect-17a83-support-keyboard-navigation-webkit/error-context.md
]]>
</failure>
<system-out>
<![CDATA[
[[ATTACHMENT|chat-interface-SwarmDirect-17a83-support-keyboard-navigation-webkit/test-failed-1.png]]

[[ATTACHMENT|chat-interface-SwarmDirect-17a83-support-keyboard-navigation-webkit/video.webm]]

[[ATTACHMENT|chat-interface-SwarmDirect-17a83-support-keyboard-navigation-webkit/error-context.md]]
]]>
</system-out>
</testcase>
<testcase name="SwarmDirector Chat Interface › Performance and Loading › should load within reasonable time" classname="chat-interface.spec.js" time="5.981">
</testcase>
<testcase name="SwarmDirector Chat Interface › Performance and Loading › should handle rapid interactions" classname="chat-interface.spec.js" time="17.331">
<failure message="chat-interface.spec.js:191:5 should handle rapid interactions" type="FAILURE">
<![CDATA[  [webkit] › chat-interface.spec.js:191:5 › SwarmDirector Chat Interface › Performance and Loading › should handle rapid interactions 

    TimeoutError: locator.fill: Timeout 10000ms exceeded.
    Call log:
      - waiting for locator('#messageInput')


      194 |       // Rapidly type and clear input
      195 |       for (let i = 0; i < 5; i++) {
    > 196 |         await messageInput.fill(`Message ${i}`);
          |                            ^
      197 |         await messageInput.clear();
      198 |       }
      199 |       
        at /Users/shrenilpatel/Github/SwarmDirector/tests/e2e/chat-interface.spec.js:196:28

    attachment #1: screenshot (image/png) ──────────────────────────────────────────────────────────
    test-results/chat-interface-SwarmDirect-4fc01-d-handle-rapid-interactions-webkit/test-failed-1.png
    ────────────────────────────────────────────────────────────────────────────────────────────────

    attachment #2: video (video/webm) ──────────────────────────────────────────────────────────────
    test-results/chat-interface-SwarmDirect-4fc01-d-handle-rapid-interactions-webkit/video.webm
    ────────────────────────────────────────────────────────────────────────────────────────────────

    Error Context: ../../test-results/chat-interface-SwarmDirect-4fc01-d-handle-rapid-interactions-webkit/error-context.md
]]>
</failure>
<system-out>
<![CDATA[
[[ATTACHMENT|chat-interface-SwarmDirect-4fc01-d-handle-rapid-interactions-webkit/test-failed-1.png]]

[[ATTACHMENT|chat-interface-SwarmDirect-4fc01-d-handle-rapid-interactions-webkit/video.webm]]

[[ATTACHMENT|chat-interface-SwarmDirect-4fc01-d-handle-rapid-interactions-webkit/error-context.md]]
]]>
</system-out>
</testcase>
<testcase name="Cross-Browser Compatibility › should work in different browsers" classname="chat-interface.spec.js" time="10.619">
<failure message="chat-interface.spec.js:209:3 should work in different browsers" type="FAILURE">
<![CDATA[  [webkit] › chat-interface.spec.js:209:3 › Cross-Browser Compatibility › should work in different browsers 

    Error: Timed out 5000ms waiting for expect(locator).toBeVisible()

    Locator: locator('#messageInput')
    Expected: visible
    Received: <element(s) not found>
    Call log:
      - Expect "toBeVisible" with timeout 5000ms
      - waiting for locator('#messageInput')


      214 |     
      215 |     // Basic functionality should work across browsers
    > 216 |     await expect(page.locator('#messageInput')).toBeVisible();
          |                                                 ^
      217 |     await expect(page.locator('button[type="submit"]')).toBeVisible();
      218 |     
      219 |     // Log browser for debugging
        at /Users/shrenilpatel/Github/SwarmDirector/tests/e2e/chat-interface.spec.js:216:49

    attachment #1: screenshot (image/png) ──────────────────────────────────────────────────────────
    test-results/chat-interface-Cross-Brows-98eeb--work-in-different-browsers-webkit/test-failed-1.png
    ────────────────────────────────────────────────────────────────────────────────────────────────

    attachment #2: video (video/webm) ──────────────────────────────────────────────────────────────
    test-results/chat-interface-Cross-Brows-98eeb--work-in-different-browsers-webkit/video.webm
    ────────────────────────────────────────────────────────────────────────────────────────────────

    Error Context: ../../test-results/chat-interface-Cross-Brows-98eeb--work-in-different-browsers-webkit/error-context.md
]]>
</failure>
<system-out>
<![CDATA[
[[ATTACHMENT|chat-interface-Cross-Brows-98eeb--work-in-different-browsers-webkit/test-failed-1.png]]

[[ATTACHMENT|chat-interface-Cross-Brows-98eeb--work-in-different-browsers-webkit/video.webm]]

[[ATTACHMENT|chat-interface-Cross-Brows-98eeb--work-in-different-browsers-webkit/error-context.md]]
]]>
</system-out>
</testcase>
</testsuite>
<testsuite name="chat-interface.spec.js" timestamp="2025-06-13T02:38:15.008Z" hostname="Mobile Chrome" tests="14" failures="12" skipped="0" time="109.702" errors="0">
<testcase name="SwarmDirector Chat Interface › Page Load and Initial State › should load chat page successfully" classname="chat-interface.spec.js" time="8.995">
<failure message="chat-interface.spec.js:18:5 should load chat page successfully" type="FAILURE">
<![CDATA[  [Mobile Chrome] › chat-interface.spec.js:18:5 › SwarmDirector Chat Interface › Page Load and Initial State › should load chat page successfully 

    Error: Timed out 5000ms waiting for expect(locator).toBeVisible()

    Locator: locator('#messageInput')
    Expected: visible
    Received: <element(s) not found>
    Call log:
      - Expect "toBeVisible" with timeout 5000ms
      - waiting for locator('#messageInput')


      22 |       // Check main components are present
      23 |       await expect(page.locator('h1')).toContainText('SwarmDirector Chat');
    > 24 |       await expect(page.locator('#messageInput')).toBeVisible();
         |                                                   ^
      25 |       await expect(page.locator('button[type="submit"]')).toBeVisible();
      26 |       await expect(page.locator('#messagesContainer')).toBeVisible();
      27 |       await expect(page.locator('#activityLog')).toBeVisible();
        at /Users/shrenilpatel/Github/SwarmDirector/tests/e2e/chat-interface.spec.js:24:51

    attachment #1: screenshot (image/png) ──────────────────────────────────────────────────────────
    test-results/chat-interface-SwarmDirect-ab4d2-load-chat-page-successfully-Mobile-Chrome/test-failed-1.png
    ────────────────────────────────────────────────────────────────────────────────────────────────

    attachment #2: video (video/webm) ──────────────────────────────────────────────────────────────
    test-results/chat-interface-SwarmDirect-ab4d2-load-chat-page-successfully-Mobile-Chrome/video.webm
    ────────────────────────────────────────────────────────────────────────────────────────────────

    Error Context: ../../test-results/chat-interface-SwarmDirect-ab4d2-load-chat-page-successfully-Mobile-Chrome/error-context.md
]]>
</failure>
<system-out>
<![CDATA[
[[ATTACHMENT|chat-interface-SwarmDirect-ab4d2-load-chat-page-successfully-Mobile-Chrome/test-failed-1.png]]

[[ATTACHMENT|chat-interface-SwarmDirect-ab4d2-load-chat-page-successfully-Mobile-Chrome/video.webm]]

[[ATTACHMENT|chat-interface-SwarmDirect-ab4d2-load-chat-page-successfully-Mobile-Chrome/error-context.md]]
]]>
</system-out>
</testcase>
<testcase name="SwarmDirector Chat Interface › Page Load and Initial State › should show initial welcome state" classname="chat-interface.spec.js" time="2.752">
<failure message="chat-interface.spec.js:30:5 should show initial welcome state" type="FAILURE">
<![CDATA[  [Mobile Chrome] › chat-interface.spec.js:30:5 › SwarmDirector Chat Interface › Page Load and Initial State › should show initial welcome state 

    Error: expect.toContainText: Error: strict mode violation: locator('.text-gray-500') resolved to 7 elements:
        1) <p class="text-gray-500">Start a conversation with our AI agent system</p> aka getByText('Start a conversation with our')
        2) <span class="text-gray-500" x-text="formatTime(activity.timestamp)">22:41:28</span> aka getByText(':41:28').first()
        3) <span class="text-gray-500" x-text="formatTime(activity.timestamp)">22:41:28</span> aka getByText(':41:28').nth(1)
        4) <span class="text-gray-500" x-text="formatTime(activity.timestamp)">22:41:27</span> aka getByText(':41:27').first()
        5) <span class="text-gray-500" x-text="formatTime(activity.timestamp)">22:41:27</span> aka getByText(':41:27').nth(1)
        6) <span class="text-gray-500" x-text="formatTime(activity.timestamp)">22:41:27</span> aka getByText(':41:27').nth(2)
        7) <span class="text-gray-500" x-text="formatTime(activity.timestamp)">22:41:27</span> aka getByText(':41:27').nth(3)

    Call log:
      - Expect "toContainText" with timeout 5000ms
      - waiting for locator('.text-gray-500')


      30 |     test('should show initial welcome state', async ({ page }) => {
      31 |       // Check welcome message is displayed
    > 32 |       await expect(page.locator('.text-gray-500')).toContainText('Start a conversation with SwarmDirector');
         |                                                    ^
      33 |       
      34 |       // Check connection status shows disconnected initially
      35 |       await expect(page.locator('.connection-status')).toContainText('Disconnected');
        at /Users/shrenilpatel/Github/SwarmDirector/tests/e2e/chat-interface.spec.js:32:52

    attachment #1: screenshot (image/png) ──────────────────────────────────────────────────────────
    test-results/chat-interface-SwarmDirect-295cc--show-initial-welcome-state-Mobile-Chrome/test-failed-1.png
    ────────────────────────────────────────────────────────────────────────────────────────────────

    attachment #2: video (video/webm) ──────────────────────────────────────────────────────────────
    test-results/chat-interface-SwarmDirect-295cc--show-initial-welcome-state-Mobile-Chrome/video.webm
    ────────────────────────────────────────────────────────────────────────────────────────────────

    Error Context: ../../test-results/chat-interface-SwarmDirect-295cc--show-initial-welcome-state-Mobile-Chrome/error-context.md
]]>
</failure>
<system-out>
<![CDATA[
[[ATTACHMENT|chat-interface-SwarmDirect-295cc--show-initial-welcome-state-Mobile-Chrome/test-failed-1.png]]

[[ATTACHMENT|chat-interface-SwarmDirect-295cc--show-initial-welcome-state-Mobile-Chrome/video.webm]]

[[ATTACHMENT|chat-interface-SwarmDirect-295cc--show-initial-welcome-state-Mobile-Chrome/error-context.md]]
]]>
</system-out>
</testcase>
<testcase name="SwarmDirector Chat Interface › Page Load and Initial State › should have proper responsive layout" classname="chat-interface.spec.js" time="8.851">
<failure message="chat-interface.spec.js:41:5 should have proper responsive layout" type="FAILURE">
<![CDATA[  [Mobile Chrome] › chat-interface.spec.js:41:5 › SwarmDirector Chat Interface › Page Load and Initial State › should have proper responsive layout 

    Error: Timed out 5000ms waiting for expect(locator).toBeVisible()

    Locator: locator('.chat-container')
    Expected: visible
    Received: <element(s) not found>
    Call log:
      - Expect "toBeVisible" with timeout 5000ms
      - waiting for locator('.chat-container')


      42 |       // Test desktop layout
      43 |       await page.setViewportSize({ width: 1200, height: 800 });
    > 44 |       await expect(page.locator('.chat-container')).toBeVisible();
         |                                                     ^
      45 |       await expect(page.locator('.activity-panel')).toBeVisible();
      46 |       
      47 |       // Test mobile layout
        at /Users/shrenilpatel/Github/SwarmDirector/tests/e2e/chat-interface.spec.js:44:53

    attachment #1: screenshot (image/png) ──────────────────────────────────────────────────────────
    test-results/chat-interface-SwarmDirect-f20a9-ve-proper-responsive-layout-Mobile-Chrome/test-failed-1.png
    ────────────────────────────────────────────────────────────────────────────────────────────────

    attachment #2: video (video/webm) ──────────────────────────────────────────────────────────────
    test-results/chat-interface-SwarmDirect-f20a9-ve-proper-responsive-layout-Mobile-Chrome/video.webm
    ────────────────────────────────────────────────────────────────────────────────────────────────

    Error Context: ../../test-results/chat-interface-SwarmDirect-f20a9-ve-proper-responsive-layout-Mobile-Chrome/error-context.md
]]>
</failure>
<system-out>
<![CDATA[
[[ATTACHMENT|chat-interface-SwarmDirect-f20a9-ve-proper-responsive-layout-Mobile-Chrome/test-failed-1.png]]

[[ATTACHMENT|chat-interface-SwarmDirect-f20a9-ve-proper-responsive-layout-Mobile-Chrome/video.webm]]

[[ATTACHMENT|chat-interface-SwarmDirect-f20a9-ve-proper-responsive-layout-Mobile-Chrome/error-context.md]]
]]>
</system-out>
</testcase>
<testcase name="SwarmDirector Chat Interface › Message Input and Validation › should validate message input" classname="chat-interface.spec.js" time="13.406">
<failure message="chat-interface.spec.js:57:5 should validate message input" type="FAILURE">
<![CDATA[  [Mobile Chrome] › chat-interface.spec.js:57:5 › SwarmDirector Chat Interface › Message Input and Validation › should validate message input 

    TimeoutError: locator.fill: Timeout 10000ms exceeded.
    Call log:
      - waiting for locator('#messageInput')


      60 |       
      61 |       // Empty message should not be sendable
    > 62 |       await messageInput.fill('');
         |                          ^
      63 |       await expect(sendButton).toBeDisabled();
      64 |       
      65 |       // Whitespace-only message should not be sendable
        at /Users/shrenilpatel/Github/SwarmDirector/tests/e2e/chat-interface.spec.js:62:26

    attachment #1: screenshot (image/png) ──────────────────────────────────────────────────────────
    test-results/chat-interface-SwarmDirect-074cb-ould-validate-message-input-Mobile-Chrome/test-failed-1.png
    ────────────────────────────────────────────────────────────────────────────────────────────────

    attachment #2: video (video/webm) ──────────────────────────────────────────────────────────────
    test-results/chat-interface-SwarmDirect-074cb-ould-validate-message-input-Mobile-Chrome/video.webm
    ────────────────────────────────────────────────────────────────────────────────────────────────

    Error Context: ../../test-results/chat-interface-SwarmDirect-074cb-ould-validate-message-input-Mobile-Chrome/error-context.md
]]>
</failure>
<system-out>
<![CDATA[
[[ATTACHMENT|chat-interface-SwarmDirect-074cb-ould-validate-message-input-Mobile-Chrome/test-failed-1.png]]

[[ATTACHMENT|chat-interface-SwarmDirect-074cb-ould-validate-message-input-Mobile-Chrome/video.webm]]

[[ATTACHMENT|chat-interface-SwarmDirect-074cb-ould-validate-message-input-Mobile-Chrome/error-context.md]]
]]>
</system-out>
</testcase>
<testcase name="SwarmDirector Chat Interface › Message Input and Validation › should handle keyboard interactions" classname="chat-interface.spec.js" time="13.433">
<failure message="chat-interface.spec.js:75:5 should handle keyboard interactions" type="FAILURE">
<![CDATA[  [Mobile Chrome] › chat-interface.spec.js:75:5 › SwarmDirector Chat Interface › Message Input and Validation › should handle keyboard interactions 

    TimeoutError: locator.focus: Timeout 10000ms exceeded.
    Call log:
      - waiting for locator('#messageInput')


      77 |       
      78 |       // Focus on input
    > 79 |       await messageInput.focus();
         |                          ^
      80 |       await expect(messageInput).toBeFocused();
      81 |       
      82 |       // Type message
        at /Users/shrenilpatel/Github/SwarmDirector/tests/e2e/chat-interface.spec.js:79:26

    attachment #1: screenshot (image/png) ──────────────────────────────────────────────────────────
    test-results/chat-interface-SwarmDirect-820cd-andle-keyboard-interactions-Mobile-Chrome/test-failed-1.png
    ────────────────────────────────────────────────────────────────────────────────────────────────

    attachment #2: video (video/webm) ──────────────────────────────────────────────────────────────
    test-results/chat-interface-SwarmDirect-820cd-andle-keyboard-interactions-Mobile-Chrome/video.webm
    ────────────────────────────────────────────────────────────────────────────────────────────────

    Error Context: ../../test-results/chat-interface-SwarmDirect-820cd-andle-keyboard-interactions-Mobile-Chrome/error-context.md
]]>
</failure>
<system-out>
<![CDATA[
[[ATTACHMENT|chat-interface-SwarmDirect-820cd-andle-keyboard-interactions-Mobile-Chrome/test-failed-1.png]]

[[ATTACHMENT|chat-interface-SwarmDirect-820cd-andle-keyboard-interactions-Mobile-Chrome/video.webm]]

[[ATTACHMENT|chat-interface-SwarmDirect-820cd-andle-keyboard-interactions-Mobile-Chrome/error-context.md]]
]]>
</system-out>
</testcase>
<testcase name="SwarmDirector Chat Interface › Activity Log and Transparency Features › should display activity log panel" classname="chat-interface.spec.js" time="8.091">
<failure message="chat-interface.spec.js:93:5 should display activity log panel" type="FAILURE">
<![CDATA[  [Mobile Chrome] › chat-interface.spec.js:93:5 › SwarmDirector Chat Interface › Activity Log and Transparency Features › should display activity log panel 

    Error: Timed out 5000ms waiting for expect(locator).toBeVisible()

    Locator: locator('#activityLog')
    Expected: visible
    Received: <element(s) not found>
    Call log:
      - Expect "toBeVisible" with timeout 5000ms
      - waiting for locator('#activityLog')


      94 |       const activityLog = page.locator('#activityLog');
      95 |       
    > 96 |       await expect(activityLog).toBeVisible();
         |                                 ^
      97 |       await expect(page.locator('.activity-header')).toContainText('System Activity');
      98 |       
      99 |       // Should show initial connection attempt
        at /Users/shrenilpatel/Github/SwarmDirector/tests/e2e/chat-interface.spec.js:96:33

    attachment #1: screenshot (image/png) ──────────────────────────────────────────────────────────
    test-results/chat-interface-SwarmDirect-1d072--display-activity-log-panel-Mobile-Chrome/test-failed-1.png
    ────────────────────────────────────────────────────────────────────────────────────────────────

    attachment #2: video (video/webm) ──────────────────────────────────────────────────────────────
    test-results/chat-interface-SwarmDirect-1d072--display-activity-log-panel-Mobile-Chrome/video.webm
    ────────────────────────────────────────────────────────────────────────────────────────────────

    Error Context: ../../test-results/chat-interface-SwarmDirect-1d072--display-activity-log-panel-Mobile-Chrome/error-context.md
]]>
</failure>
<system-out>
<![CDATA[
[[ATTACHMENT|chat-interface-SwarmDirect-1d072--display-activity-log-panel-Mobile-Chrome/test-failed-1.png]]

[[ATTACHMENT|chat-interface-SwarmDirect-1d072--display-activity-log-panel-Mobile-Chrome/video.webm]]

[[ATTACHMENT|chat-interface-SwarmDirect-1d072--display-activity-log-panel-Mobile-Chrome/error-context.md]]
]]>
</system-out>
</testcase>
<testcase name="SwarmDirector Chat Interface › Activity Log and Transparency Features › should categorize activity log entries" classname="chat-interface.spec.js" time="2.829">
<failure message="chat-interface.spec.js:103:5 should categorize activity log entries" type="FAILURE">
<![CDATA[  [Mobile Chrome] › chat-interface.spec.js:103:5 › SwarmDirector Chat Interface › Activity Log and Transparency Features › should categorize activity log entries 

    Error: expect: Property 'toHaveCountGreaterThan' not found.

      107 |       // Check for different types of activity entries
      108 |       const activityEntries = page.locator('.activity-entry');
    > 109 |       await expect(activityEntries).toHaveCountGreaterThan(0);
          |                                    ^
      110 |       
      111 |       // Should have timestamps
      112 |       await expect(page.locator('.activity-timestamp')).toHaveCountGreaterThan(0);
        at /Users/shrenilpatel/Github/SwarmDirector/tests/e2e/chat-interface.spec.js:109:36

    attachment #1: screenshot (image/png) ──────────────────────────────────────────────────────────
    test-results/chat-interface-SwarmDirect-8dea7-gorize-activity-log-entries-Mobile-Chrome/test-failed-1.png
    ────────────────────────────────────────────────────────────────────────────────────────────────

    attachment #2: video (video/webm) ──────────────────────────────────────────────────────────────
    test-results/chat-interface-SwarmDirect-8dea7-gorize-activity-log-entries-Mobile-Chrome/video.webm
    ────────────────────────────────────────────────────────────────────────────────────────────────

    Error Context: ../../test-results/chat-interface-SwarmDirect-8dea7-gorize-activity-log-entries-Mobile-Chrome/error-context.md
]]>
</failure>
<system-out>
<![CDATA[
[[ATTACHMENT|chat-interface-SwarmDirect-8dea7-gorize-activity-log-entries-Mobile-Chrome/test-failed-1.png]]

[[ATTACHMENT|chat-interface-SwarmDirect-8dea7-gorize-activity-log-entries-Mobile-Chrome/video.webm]]

[[ATTACHMENT|chat-interface-SwarmDirect-8dea7-gorize-activity-log-entries-Mobile-Chrome/error-context.md]]
]]>
</system-out>
</testcase>
<testcase name="SwarmDirector Chat Interface › Connection Status and Error Handling › should display connection status" classname="chat-interface.spec.js" time="7.413">
<failure message="chat-interface.spec.js:118:5 should display connection status" type="FAILURE">
<![CDATA[  [Mobile Chrome] › chat-interface.spec.js:118:5 › SwarmDirector Chat Interface › Connection Status and Error Handling › should display connection status 

    Error: Timed out 5000ms waiting for expect(locator).toBeVisible()

    Locator: locator('.connection-status')
    Expected: visible
    Received: <element(s) not found>
    Call log:
      - Expect "toBeVisible" with timeout 5000ms
      - waiting for locator('.connection-status')


      119 |       const connectionStatus = page.locator('.connection-status');
      120 |       
    > 121 |       await expect(connectionStatus).toBeVisible();
          |                                      ^
      122 |       
      123 |       // Should show initial disconnected state
      124 |       await expect(connectionStatus).toContainText('Disconnected');
        at /Users/shrenilpatel/Github/SwarmDirector/tests/e2e/chat-interface.spec.js:121:38

    attachment #1: screenshot (image/png) ──────────────────────────────────────────────────────────
    test-results/chat-interface-SwarmDirect-6b9aa-d-display-connection-status-Mobile-Chrome/test-failed-1.png
    ────────────────────────────────────────────────────────────────────────────────────────────────

    attachment #2: video (video/webm) ──────────────────────────────────────────────────────────────
    test-results/chat-interface-SwarmDirect-6b9aa-d-display-connection-status-Mobile-Chrome/video.webm
    ────────────────────────────────────────────────────────────────────────────────────────────────

    Error Context: ../../test-results/chat-interface-SwarmDirect-6b9aa-d-display-connection-status-Mobile-Chrome/error-context.md
]]>
</failure>
<system-out>
<![CDATA[
[[ATTACHMENT|chat-interface-SwarmDirect-6b9aa-d-display-connection-status-Mobile-Chrome/test-failed-1.png]]

[[ATTACHMENT|chat-interface-SwarmDirect-6b9aa-d-display-connection-status-Mobile-Chrome/video.webm]]

[[ATTACHMENT|chat-interface-SwarmDirect-6b9aa-d-display-connection-status-Mobile-Chrome/error-context.md]]
]]>
</system-out>
</testcase>
<testcase name="SwarmDirector Chat Interface › Connection Status and Error Handling › should handle connection errors gracefully" classname="chat-interface.spec.js" time="4.044">
</testcase>
<testcase name="SwarmDirector Chat Interface › Accessibility and Usability › should have proper ARIA labels" classname="chat-interface.spec.js" time="7.385">
<failure message="chat-interface.spec.js:152:5 should have proper ARIA labels" type="FAILURE">
<![CDATA[  [Mobile Chrome] › chat-interface.spec.js:152:5 › SwarmDirector Chat Interface › Accessibility and Usability › should have proper ARIA labels 

    Error: Timed out 5000ms waiting for expect(locator).toHaveAttribute()

    Locator: locator('#messageInput')
    Expected: have attribute
    Received: <element(s) not found>
    Call log:
      - Expect "toHaveAttribute" with timeout 5000ms
      - waiting for locator('#messageInput')


      152 |     test('should have proper ARIA labels', async ({ page }) => {
      153 |       // Check for accessibility attributes
    > 154 |       await expect(page.locator('#messageInput')).toHaveAttribute('placeholder');
          |                                                   ^
      155 |       await expect(page.locator('button[type="submit"]')).toHaveAttribute('type', 'submit');
      156 |       
      157 |       // Form should have proper structure
        at /Users/shrenilpatel/Github/SwarmDirector/tests/e2e/chat-interface.spec.js:154:51

    attachment #1: screenshot (image/png) ──────────────────────────────────────────────────────────
    test-results/chat-interface-SwarmDirect-cc7a4-uld-have-proper-ARIA-labels-Mobile-Chrome/test-failed-1.png
    ────────────────────────────────────────────────────────────────────────────────────────────────

    attachment #2: video (video/webm) ──────────────────────────────────────────────────────────────
    test-results/chat-interface-SwarmDirect-cc7a4-uld-have-proper-ARIA-labels-Mobile-Chrome/video.webm
    ────────────────────────────────────────────────────────────────────────────────────────────────

    Error Context: ../../test-results/chat-interface-SwarmDirect-cc7a4-uld-have-proper-ARIA-labels-Mobile-Chrome/error-context.md
]]>
</failure>
<system-out>
<![CDATA[
[[ATTACHMENT|chat-interface-SwarmDirect-cc7a4-uld-have-proper-ARIA-labels-Mobile-Chrome/test-failed-1.png]]

[[ATTACHMENT|chat-interface-SwarmDirect-cc7a4-uld-have-proper-ARIA-labels-Mobile-Chrome/video.webm]]

[[ATTACHMENT|chat-interface-SwarmDirect-cc7a4-uld-have-proper-ARIA-labels-Mobile-Chrome/error-context.md]]
]]>
</system-out>
</testcase>
<testcase name="SwarmDirector Chat Interface › Accessibility and Usability › should support keyboard navigation" classname="chat-interface.spec.js" time="12.122">
<failure message="chat-interface.spec.js:161:5 should support keyboard navigation" type="FAILURE">
<![CDATA[  [Mobile Chrome] › chat-interface.spec.js:161:5 › SwarmDirector Chat Interface › Accessibility and Usability › should support keyboard navigation 

    TimeoutError: locator.focus: Timeout 10000ms exceeded.
    Call log:
      - waiting for locator('#messageInput')


      165 |       // Message input should be focusable
      166 |       const messageInput = page.locator('#messageInput');
    > 167 |       await messageInput.focus();
          |                          ^
      168 |       await expect(messageInput).toBeFocused();
      169 |       
      170 |       // Send button should be reachable via tab
        at /Users/shrenilpatel/Github/SwarmDirector/tests/e2e/chat-interface.spec.js:167:26

    attachment #1: screenshot (image/png) ──────────────────────────────────────────────────────────
    test-results/chat-interface-SwarmDirect-17a83-support-keyboard-navigation-Mobile-Chrome/test-failed-1.png
    ────────────────────────────────────────────────────────────────────────────────────────────────

    attachment #2: video (video/webm) ──────────────────────────────────────────────────────────────
    test-results/chat-interface-SwarmDirect-17a83-support-keyboard-navigation-Mobile-Chrome/video.webm
    ────────────────────────────────────────────────────────────────────────────────────────────────

    Error Context: ../../test-results/chat-interface-SwarmDirect-17a83-support-keyboard-navigation-Mobile-Chrome/error-context.md
]]>
</failure>
<system-out>
<![CDATA[
[[ATTACHMENT|chat-interface-SwarmDirect-17a83-support-keyboard-navigation-Mobile-Chrome/test-failed-1.png]]

[[ATTACHMENT|chat-interface-SwarmDirect-17a83-support-keyboard-navigation-Mobile-Chrome/video.webm]]

[[ATTACHMENT|chat-interface-SwarmDirect-17a83-support-keyboard-navigation-Mobile-Chrome/error-context.md]]
]]>
</system-out>
</testcase>
<testcase name="SwarmDirector Chat Interface › Performance and Loading › should load within reasonable time" classname="chat-interface.spec.js" time="1.266">
</testcase>
<testcase name="SwarmDirector Chat Interface › Performance and Loading › should handle rapid interactions" classname="chat-interface.spec.js" time="12.515">
<failure message="chat-interface.spec.js:191:5 should handle rapid interactions" type="FAILURE">
<![CDATA[  [Mobile Chrome] › chat-interface.spec.js:191:5 › SwarmDirector Chat Interface › Performance and Loading › should handle rapid interactions 

    TimeoutError: locator.fill: Timeout 10000ms exceeded.
    Call log:
      - waiting for locator('#messageInput')


      194 |       // Rapidly type and clear input
      195 |       for (let i = 0; i < 5; i++) {
    > 196 |         await messageInput.fill(`Message ${i}`);
          |                            ^
      197 |         await messageInput.clear();
      198 |       }
      199 |       
        at /Users/shrenilpatel/Github/SwarmDirector/tests/e2e/chat-interface.spec.js:196:28

    attachment #1: screenshot (image/png) ──────────────────────────────────────────────────────────
    test-results/chat-interface-SwarmDirect-4fc01-d-handle-rapid-interactions-Mobile-Chrome/test-failed-1.png
    ────────────────────────────────────────────────────────────────────────────────────────────────

    attachment #2: video (video/webm) ──────────────────────────────────────────────────────────────
    test-results/chat-interface-SwarmDirect-4fc01-d-handle-rapid-interactions-Mobile-Chrome/video.webm
    ────────────────────────────────────────────────────────────────────────────────────────────────

    Error Context: ../../test-results/chat-interface-SwarmDirect-4fc01-d-handle-rapid-interactions-Mobile-Chrome/error-context.md
]]>
</failure>
<system-out>
<![CDATA[
[[ATTACHMENT|chat-interface-SwarmDirect-4fc01-d-handle-rapid-interactions-Mobile-Chrome/test-failed-1.png]]

[[ATTACHMENT|chat-interface-SwarmDirect-4fc01-d-handle-rapid-interactions-Mobile-Chrome/video.webm]]

[[ATTACHMENT|chat-interface-SwarmDirect-4fc01-d-handle-rapid-interactions-Mobile-Chrome/error-context.md]]
]]>
</system-out>
</testcase>
<testcase name="Cross-Browser Compatibility › should work in different browsers" classname="chat-interface.spec.js" time="6.6">
<failure message="chat-interface.spec.js:209:3 should work in different browsers" type="FAILURE">
<![CDATA[  [Mobile Chrome] › chat-interface.spec.js:209:3 › Cross-Browser Compatibility › should work in different browsers 

    Error: Timed out 5000ms waiting for expect(locator).toBeVisible()

    Locator: locator('#messageInput')
    Expected: visible
    Received: <element(s) not found>
    Call log:
      - Expect "toBeVisible" with timeout 5000ms
      - waiting for locator('#messageInput')


      214 |     
      215 |     // Basic functionality should work across browsers
    > 216 |     await expect(page.locator('#messageInput')).toBeVisible();
          |                                                 ^
      217 |     await expect(page.locator('button[type="submit"]')).toBeVisible();
      218 |     
      219 |     // Log browser for debugging
        at /Users/shrenilpatel/Github/SwarmDirector/tests/e2e/chat-interface.spec.js:216:49

    attachment #1: screenshot (image/png) ──────────────────────────────────────────────────────────
    test-results/chat-interface-Cross-Brows-98eeb--work-in-different-browsers-Mobile-Chrome/test-failed-1.png
    ────────────────────────────────────────────────────────────────────────────────────────────────

    attachment #2: video (video/webm) ──────────────────────────────────────────────────────────────
    test-results/chat-interface-Cross-Brows-98eeb--work-in-different-browsers-Mobile-Chrome/video.webm
    ────────────────────────────────────────────────────────────────────────────────────────────────

    Error Context: ../../test-results/chat-interface-Cross-Brows-98eeb--work-in-different-browsers-Mobile-Chrome/error-context.md
]]>
</failure>
<system-out>
<![CDATA[
[[ATTACHMENT|chat-interface-Cross-Brows-98eeb--work-in-different-browsers-Mobile-Chrome/test-failed-1.png]]

[[ATTACHMENT|chat-interface-Cross-Brows-98eeb--work-in-different-browsers-Mobile-Chrome/video.webm]]

[[ATTACHMENT|chat-interface-Cross-Brows-98eeb--work-in-different-browsers-Mobile-Chrome/error-context.md]]
]]>
</system-out>
</testcase>
</testsuite>
<testsuite name="chat-interface.spec.js" timestamp="2025-06-13T02:38:15.008Z" hostname="Mobile Safari" tests="14" failures="12" skipped="0" time="127.922" errors="0">
<testcase name="SwarmDirector Chat Interface › Page Load and Initial State › should load chat page successfully" classname="chat-interface.spec.js" time="7.948">
<failure message="chat-interface.spec.js:18:5 should load chat page successfully" type="FAILURE">
<![CDATA[  [Mobile Safari] › chat-interface.spec.js:18:5 › SwarmDirector Chat Interface › Page Load and Initial State › should load chat page successfully 

    Error: Timed out 5000ms waiting for expect(locator).toBeVisible()

    Locator: locator('#messageInput')
    Expected: visible
    Received: <element(s) not found>
    Call log:
      - Expect "toBeVisible" with timeout 5000ms
      - waiting for locator('#messageInput')


      22 |       // Check main components are present
      23 |       await expect(page.locator('h1')).toContainText('SwarmDirector Chat');
    > 24 |       await expect(page.locator('#messageInput')).toBeVisible();
         |                                                   ^
      25 |       await expect(page.locator('button[type="submit"]')).toBeVisible();
      26 |       await expect(page.locator('#messagesContainer')).toBeVisible();
      27 |       await expect(page.locator('#activityLog')).toBeVisible();
        at /Users/shrenilpatel/Github/SwarmDirector/tests/e2e/chat-interface.spec.js:24:51

    attachment #1: screenshot (image/png) ──────────────────────────────────────────────────────────
    test-results/chat-interface-SwarmDirect-ab4d2-load-chat-page-successfully-Mobile-Safari/test-failed-1.png
    ────────────────────────────────────────────────────────────────────────────────────────────────

    attachment #2: video (video/webm) ──────────────────────────────────────────────────────────────
    test-results/chat-interface-SwarmDirect-ab4d2-load-chat-page-successfully-Mobile-Safari/video.webm
    ────────────────────────────────────────────────────────────────────────────────────────────────

    Error Context: ../../test-results/chat-interface-SwarmDirect-ab4d2-load-chat-page-successfully-Mobile-Safari/error-context.md
]]>
</failure>
<system-out>
<![CDATA[
[[ATTACHMENT|chat-interface-SwarmDirect-ab4d2-load-chat-page-successfully-Mobile-Safari/test-failed-1.png]]

[[ATTACHMENT|chat-interface-SwarmDirect-ab4d2-load-chat-page-successfully-Mobile-Safari/video.webm]]

[[ATTACHMENT|chat-interface-SwarmDirect-ab4d2-load-chat-page-successfully-Mobile-Safari/error-context.md]]
]]>
</system-out>
</testcase>
<testcase name="SwarmDirector Chat Interface › Page Load and Initial State › should show initial welcome state" classname="chat-interface.spec.js" time="4.092">
<failure message="chat-interface.spec.js:30:5 should show initial welcome state" type="FAILURE">
<![CDATA[  [Mobile Safari] › chat-interface.spec.js:30:5 › SwarmDirector Chat Interface › Page Load and Initial State › should show initial welcome state 

    Error: expect.toContainText: Error: strict mode violation: locator('.text-gray-500') resolved to 7 elements:
        1) <p class="text-gray-500">Start a conversation with our AI agent system</p> aka getByText('Start a conversation with our')
        2) <span class="text-gray-500" x-text="formatTime(activity.timestamp)">22:42:04</span> aka locator('.flex > .text-gray-500').first()
        3) <span class="text-gray-500" x-text="formatTime(activity.timestamp)">22:42:04</span> aka locator('div:nth-child(3) > .flex > .text-gray-500')
        4) <span class="text-gray-500" x-text="formatTime(activity.timestamp)">22:42:04</span> aka locator('.text-xs.p-2.rounded.bg-blue-50 > .flex > .text-gray-500').first()
        5) <span class="text-gray-500" x-text="formatTime(activity.timestamp)">22:42:04</span> aka locator('div:nth-child(5) > .flex > .text-gray-500')
        6) <span class="text-gray-500" x-text="formatTime(activity.timestamp)">22:42:04</span> aka locator('div:nth-child(6) > .flex > .text-gray-500')
        7) <span class="text-gray-500" x-text="formatTime(activity.timestamp)">22:42:04</span> aka locator('div:nth-child(7) > .flex > .text-gray-500')

    Call log:
      - Expect "toContainText" with timeout 5000ms
      - waiting for locator('.text-gray-500')


      30 |     test('should show initial welcome state', async ({ page }) => {
      31 |       // Check welcome message is displayed
    > 32 |       await expect(page.locator('.text-gray-500')).toContainText('Start a conversation with SwarmDirector');
         |                                                    ^
      33 |       
      34 |       // Check connection status shows disconnected initially
      35 |       await expect(page.locator('.connection-status')).toContainText('Disconnected');
        at /Users/shrenilpatel/Github/SwarmDirector/tests/e2e/chat-interface.spec.js:32:52

    attachment #1: screenshot (image/png) ──────────────────────────────────────────────────────────
    test-results/chat-interface-SwarmDirect-295cc--show-initial-welcome-state-Mobile-Safari/test-failed-1.png
    ────────────────────────────────────────────────────────────────────────────────────────────────

    attachment #2: video (video/webm) ──────────────────────────────────────────────────────────────
    test-results/chat-interface-SwarmDirect-295cc--show-initial-welcome-state-Mobile-Safari/video.webm
    ────────────────────────────────────────────────────────────────────────────────────────────────

    Error Context: ../../test-results/chat-interface-SwarmDirect-295cc--show-initial-welcome-state-Mobile-Safari/error-context.md
]]>
</failure>
<system-out>
<![CDATA[
[[ATTACHMENT|chat-interface-SwarmDirect-295cc--show-initial-welcome-state-Mobile-Safari/test-failed-1.png]]

[[ATTACHMENT|chat-interface-SwarmDirect-295cc--show-initial-welcome-state-Mobile-Safari/video.webm]]

[[ATTACHMENT|chat-interface-SwarmDirect-295cc--show-initial-welcome-state-Mobile-Safari/error-context.md]]
]]>
</system-out>
</testcase>
<testcase name="SwarmDirector Chat Interface › Page Load and Initial State › should have proper responsive layout" classname="chat-interface.spec.js" time="9.964">
<failure message="chat-interface.spec.js:41:5 should have proper responsive layout" type="FAILURE">
<![CDATA[  [Mobile Safari] › chat-interface.spec.js:41:5 › SwarmDirector Chat Interface › Page Load and Initial State › should have proper responsive layout 

    Error: Timed out 5000ms waiting for expect(locator).toBeVisible()

    Locator: locator('.chat-container')
    Expected: visible
    Received: <element(s) not found>
    Call log:
      - Expect "toBeVisible" with timeout 5000ms
      - waiting for locator('.chat-container')


      42 |       // Test desktop layout
      43 |       await page.setViewportSize({ width: 1200, height: 800 });
    > 44 |       await expect(page.locator('.chat-container')).toBeVisible();
         |                                                     ^
      45 |       await expect(page.locator('.activity-panel')).toBeVisible();
      46 |       
      47 |       // Test mobile layout
        at /Users/shrenilpatel/Github/SwarmDirector/tests/e2e/chat-interface.spec.js:44:53

    attachment #1: screenshot (image/png) ──────────────────────────────────────────────────────────
    test-results/chat-interface-SwarmDirect-f20a9-ve-proper-responsive-layout-Mobile-Safari/test-failed-1.png
    ────────────────────────────────────────────────────────────────────────────────────────────────

    attachment #2: video (video/webm) ──────────────────────────────────────────────────────────────
    test-results/chat-interface-SwarmDirect-f20a9-ve-proper-responsive-layout-Mobile-Safari/video.webm
    ────────────────────────────────────────────────────────────────────────────────────────────────

    Error Context: ../../test-results/chat-interface-SwarmDirect-f20a9-ve-proper-responsive-layout-Mobile-Safari/error-context.md
]]>
</failure>
<system-out>
<![CDATA[
[[ATTACHMENT|chat-interface-SwarmDirect-f20a9-ve-proper-responsive-layout-Mobile-Safari/test-failed-1.png]]

[[ATTACHMENT|chat-interface-SwarmDirect-f20a9-ve-proper-responsive-layout-Mobile-Safari/video.webm]]

[[ATTACHMENT|chat-interface-SwarmDirect-f20a9-ve-proper-responsive-layout-Mobile-Safari/error-context.md]]
]]>
</system-out>
</testcase>
<testcase name="SwarmDirector Chat Interface › Message Input and Validation › should validate message input" classname="chat-interface.spec.js" time="14.683">
<failure message="chat-interface.spec.js:57:5 should validate message input" type="FAILURE">
<![CDATA[  [Mobile Safari] › chat-interface.spec.js:57:5 › SwarmDirector Chat Interface › Message Input and Validation › should validate message input 

    TimeoutError: locator.fill: Timeout 10000ms exceeded.
    Call log:
      - waiting for locator('#messageInput')


      60 |       
      61 |       // Empty message should not be sendable
    > 62 |       await messageInput.fill('');
         |                          ^
      63 |       await expect(sendButton).toBeDisabled();
      64 |       
      65 |       // Whitespace-only message should not be sendable
        at /Users/shrenilpatel/Github/SwarmDirector/tests/e2e/chat-interface.spec.js:62:26

    attachment #1: screenshot (image/png) ──────────────────────────────────────────────────────────
    test-results/chat-interface-SwarmDirect-074cb-ould-validate-message-input-Mobile-Safari/test-failed-1.png
    ────────────────────────────────────────────────────────────────────────────────────────────────

    attachment #2: video (video/webm) ──────────────────────────────────────────────────────────────
    test-results/chat-interface-SwarmDirect-074cb-ould-validate-message-input-Mobile-Safari/video.webm
    ────────────────────────────────────────────────────────────────────────────────────────────────

    Error Context: ../../test-results/chat-interface-SwarmDirect-074cb-ould-validate-message-input-Mobile-Safari/error-context.md
]]>
</failure>
<system-out>
<![CDATA[
[[ATTACHMENT|chat-interface-SwarmDirect-074cb-ould-validate-message-input-Mobile-Safari/test-failed-1.png]]

[[ATTACHMENT|chat-interface-SwarmDirect-074cb-ould-validate-message-input-Mobile-Safari/video.webm]]

[[ATTACHMENT|chat-interface-SwarmDirect-074cb-ould-validate-message-input-Mobile-Safari/error-context.md]]
]]>
</system-out>
</testcase>
<testcase name="SwarmDirector Chat Interface › Message Input and Validation › should handle keyboard interactions" classname="chat-interface.spec.js" time="14.356">
<failure message="chat-interface.spec.js:75:5 should handle keyboard interactions" type="FAILURE">
<![CDATA[  [Mobile Safari] › chat-interface.spec.js:75:5 › SwarmDirector Chat Interface › Message Input and Validation › should handle keyboard interactions 

    TimeoutError: locator.focus: Timeout 10000ms exceeded.
    Call log:
      - waiting for locator('#messageInput')


      77 |       
      78 |       // Focus on input
    > 79 |       await messageInput.focus();
         |                          ^
      80 |       await expect(messageInput).toBeFocused();
      81 |       
      82 |       // Type message
        at /Users/shrenilpatel/Github/SwarmDirector/tests/e2e/chat-interface.spec.js:79:26

    attachment #1: screenshot (image/png) ──────────────────────────────────────────────────────────
    test-results/chat-interface-SwarmDirect-820cd-andle-keyboard-interactions-Mobile-Safari/test-failed-1.png
    ────────────────────────────────────────────────────────────────────────────────────────────────

    attachment #2: video (video/webm) ──────────────────────────────────────────────────────────────
    test-results/chat-interface-SwarmDirect-820cd-andle-keyboard-interactions-Mobile-Safari/video.webm
    ────────────────────────────────────────────────────────────────────────────────────────────────

    Error Context: ../../test-results/chat-interface-SwarmDirect-820cd-andle-keyboard-interactions-Mobile-Safari/error-context.md
]]>
</failure>
<system-out>
<![CDATA[
[[ATTACHMENT|chat-interface-SwarmDirect-820cd-andle-keyboard-interactions-Mobile-Safari/test-failed-1.png]]

[[ATTACHMENT|chat-interface-SwarmDirect-820cd-andle-keyboard-interactions-Mobile-Safari/video.webm]]

[[ATTACHMENT|chat-interface-SwarmDirect-820cd-andle-keyboard-interactions-Mobile-Safari/error-context.md]]
]]>
</system-out>
</testcase>
<testcase name="SwarmDirector Chat Interface › Activity Log and Transparency Features › should display activity log panel" classname="chat-interface.spec.js" time="9.413">
<failure message="chat-interface.spec.js:93:5 should display activity log panel" type="FAILURE">
<![CDATA[  [Mobile Safari] › chat-interface.spec.js:93:5 › SwarmDirector Chat Interface › Activity Log and Transparency Features › should display activity log panel 

    Error: Timed out 5000ms waiting for expect(locator).toBeVisible()

    Locator: locator('#activityLog')
    Expected: visible
    Received: <element(s) not found>
    Call log:
      - Expect "toBeVisible" with timeout 5000ms
      - waiting for locator('#activityLog')


      94 |       const activityLog = page.locator('#activityLog');
      95 |       
    > 96 |       await expect(activityLog).toBeVisible();
         |                                 ^
      97 |       await expect(page.locator('.activity-header')).toContainText('System Activity');
      98 |       
      99 |       // Should show initial connection attempt
        at /Users/shrenilpatel/Github/SwarmDirector/tests/e2e/chat-interface.spec.js:96:33

    attachment #1: screenshot (image/png) ──────────────────────────────────────────────────────────
    test-results/chat-interface-SwarmDirect-1d072--display-activity-log-panel-Mobile-Safari/test-failed-1.png
    ────────────────────────────────────────────────────────────────────────────────────────────────

    attachment #2: video (video/webm) ──────────────────────────────────────────────────────────────
    test-results/chat-interface-SwarmDirect-1d072--display-activity-log-panel-Mobile-Safari/video.webm
    ────────────────────────────────────────────────────────────────────────────────────────────────

    Error Context: ../../test-results/chat-interface-SwarmDirect-1d072--display-activity-log-panel-Mobile-Safari/error-context.md
]]>
</failure>
<system-out>
<![CDATA[
[[ATTACHMENT|chat-interface-SwarmDirect-1d072--display-activity-log-panel-Mobile-Safari/test-failed-1.png]]

[[ATTACHMENT|chat-interface-SwarmDirect-1d072--display-activity-log-panel-Mobile-Safari/video.webm]]

[[ATTACHMENT|chat-interface-SwarmDirect-1d072--display-activity-log-panel-Mobile-Safari/error-context.md]]
]]>
</system-out>
</testcase>
<testcase name="SwarmDirector Chat Interface › Activity Log and Transparency Features › should categorize activity log entries" classname="chat-interface.spec.js" time="4.985">
<failure message="chat-interface.spec.js:103:5 should categorize activity log entries" type="FAILURE">
<![CDATA[  [Mobile Safari] › chat-interface.spec.js:103:5 › SwarmDirector Chat Interface › Activity Log and Transparency Features › should categorize activity log entries 

    Error: expect: Property 'toHaveCountGreaterThan' not found.

      107 |       // Check for different types of activity entries
      108 |       const activityEntries = page.locator('.activity-entry');
    > 109 |       await expect(activityEntries).toHaveCountGreaterThan(0);
          |                                    ^
      110 |       
      111 |       // Should have timestamps
      112 |       await expect(page.locator('.activity-timestamp')).toHaveCountGreaterThan(0);
        at /Users/shrenilpatel/Github/SwarmDirector/tests/e2e/chat-interface.spec.js:109:36

    attachment #1: screenshot (image/png) ──────────────────────────────────────────────────────────
    test-results/chat-interface-SwarmDirect-8dea7-gorize-activity-log-entries-Mobile-Safari/test-failed-1.png
    ────────────────────────────────────────────────────────────────────────────────────────────────

    attachment #2: video (video/webm) ──────────────────────────────────────────────────────────────
    test-results/chat-interface-SwarmDirect-8dea7-gorize-activity-log-entries-Mobile-Safari/video.webm
    ────────────────────────────────────────────────────────────────────────────────────────────────

    Error Context: ../../test-results/chat-interface-SwarmDirect-8dea7-gorize-activity-log-entries-Mobile-Safari/error-context.md
]]>
</failure>
<system-out>
<![CDATA[
[[ATTACHMENT|chat-interface-SwarmDirect-8dea7-gorize-activity-log-entries-Mobile-Safari/test-failed-1.png]]

[[ATTACHMENT|chat-interface-SwarmDirect-8dea7-gorize-activity-log-entries-Mobile-Safari/video.webm]]

[[ATTACHMENT|chat-interface-SwarmDirect-8dea7-gorize-activity-log-entries-Mobile-Safari/error-context.md]]
]]>
</system-out>
</testcase>
<testcase name="SwarmDirector Chat Interface › Connection Status and Error Handling › should display connection status" classname="chat-interface.spec.js" time="8.62">
<failure message="chat-interface.spec.js:118:5 should display connection status" type="FAILURE">
<![CDATA[  [Mobile Safari] › chat-interface.spec.js:118:5 › SwarmDirector Chat Interface › Connection Status and Error Handling › should display connection status 

    Error: Timed out 5000ms waiting for expect(locator).toBeVisible()

    Locator: locator('.connection-status')
    Expected: visible
    Received: <element(s) not found>
    Call log:
      - Expect "toBeVisible" with timeout 5000ms
      - waiting for locator('.connection-status')


      119 |       const connectionStatus = page.locator('.connection-status');
      120 |       
    > 121 |       await expect(connectionStatus).toBeVisible();
          |                                      ^
      122 |       
      123 |       // Should show initial disconnected state
      124 |       await expect(connectionStatus).toContainText('Disconnected');
        at /Users/shrenilpatel/Github/SwarmDirector/tests/e2e/chat-interface.spec.js:121:38

    attachment #1: screenshot (image/png) ──────────────────────────────────────────────────────────
    test-results/chat-interface-SwarmDirect-6b9aa-d-display-connection-status-Mobile-Safari/test-failed-1.png
    ────────────────────────────────────────────────────────────────────────────────────────────────

    attachment #2: video (video/webm) ──────────────────────────────────────────────────────────────
    test-results/chat-interface-SwarmDirect-6b9aa-d-display-connection-status-Mobile-Safari/video.webm
    ────────────────────────────────────────────────────────────────────────────────────────────────

    Error Context: ../../test-results/chat-interface-SwarmDirect-6b9aa-d-display-connection-status-Mobile-Safari/error-context.md
]]>
</failure>
<system-out>
<![CDATA[
[[ATTACHMENT|chat-interface-SwarmDirect-6b9aa-d-display-connection-status-Mobile-Safari/test-failed-1.png]]

[[ATTACHMENT|chat-interface-SwarmDirect-6b9aa-d-display-connection-status-Mobile-Safari/video.webm]]

[[ATTACHMENT|chat-interface-SwarmDirect-6b9aa-d-display-connection-status-Mobile-Safari/error-context.md]]
]]>
</system-out>
</testcase>
<testcase name="SwarmDirector Chat Interface › Connection Status and Error Handling › should handle connection errors gracefully" classname="chat-interface.spec.js" time="5.549">
</testcase>
<testcase name="SwarmDirector Chat Interface › Accessibility and Usability › should have proper ARIA labels" classname="chat-interface.spec.js" time="8.45">
<failure message="chat-interface.spec.js:152:5 should have proper ARIA labels" type="FAILURE">
<![CDATA[  [Mobile Safari] › chat-interface.spec.js:152:5 › SwarmDirector Chat Interface › Accessibility and Usability › should have proper ARIA labels 

    Error: Timed out 5000ms waiting for expect(locator).toHaveAttribute()

    Locator: locator('#messageInput')
    Expected: have attribute
    Received: <element(s) not found>
    Call log:
      - Expect "toHaveAttribute" with timeout 5000ms
      - waiting for locator('#messageInput')


      152 |     test('should have proper ARIA labels', async ({ page }) => {
      153 |       // Check for accessibility attributes
    > 154 |       await expect(page.locator('#messageInput')).toHaveAttribute('placeholder');
          |                                                   ^
      155 |       await expect(page.locator('button[type="submit"]')).toHaveAttribute('type', 'submit');
      156 |       
      157 |       // Form should have proper structure
        at /Users/shrenilpatel/Github/SwarmDirector/tests/e2e/chat-interface.spec.js:154:51

    attachment #1: screenshot (image/png) ──────────────────────────────────────────────────────────
    test-results/chat-interface-SwarmDirect-cc7a4-uld-have-proper-ARIA-labels-Mobile-Safari/test-failed-1.png
    ────────────────────────────────────────────────────────────────────────────────────────────────

    attachment #2: video (video/webm) ──────────────────────────────────────────────────────────────
    test-results/chat-interface-SwarmDirect-cc7a4-uld-have-proper-ARIA-labels-Mobile-Safari/video.webm
    ────────────────────────────────────────────────────────────────────────────────────────────────

    Error Context: ../../test-results/chat-interface-SwarmDirect-cc7a4-uld-have-proper-ARIA-labels-Mobile-Safari/error-context.md
]]>
</failure>
<system-out>
<![CDATA[
[[ATTACHMENT|chat-interface-SwarmDirect-cc7a4-uld-have-proper-ARIA-labels-Mobile-Safari/test-failed-1.png]]

[[ATTACHMENT|chat-interface-SwarmDirect-cc7a4-uld-have-proper-ARIA-labels-Mobile-Safari/video.webm]]

[[ATTACHMENT|chat-interface-SwarmDirect-cc7a4-uld-have-proper-ARIA-labels-Mobile-Safari/error-context.md]]
]]>
</system-out>
</testcase>
<testcase name="SwarmDirector Chat Interface › Accessibility and Usability › should support keyboard navigation" classname="chat-interface.spec.js" time="13.386">
<failure message="chat-interface.spec.js:161:5 should support keyboard navigation" type="FAILURE">
<![CDATA[  [Mobile Safari] › chat-interface.spec.js:161:5 › SwarmDirector Chat Interface › Accessibility and Usability › should support keyboard navigation 

    TimeoutError: locator.focus: Timeout 10000ms exceeded.
    Call log:
      - waiting for locator('#messageInput')


      165 |       // Message input should be focusable
      166 |       const messageInput = page.locator('#messageInput');
    > 167 |       await messageInput.focus();
          |                          ^
      168 |       await expect(messageInput).toBeFocused();
      169 |       
      170 |       // Send button should be reachable via tab
        at /Users/shrenilpatel/Github/SwarmDirector/tests/e2e/chat-interface.spec.js:167:26

    attachment #1: screenshot (image/png) ──────────────────────────────────────────────────────────
    test-results/chat-interface-SwarmDirect-17a83-support-keyboard-navigation-Mobile-Safari/test-failed-1.png
    ────────────────────────────────────────────────────────────────────────────────────────────────

    attachment #2: video (video/webm) ──────────────────────────────────────────────────────────────
    test-results/chat-interface-SwarmDirect-17a83-support-keyboard-navigation-Mobile-Safari/video.webm
    ────────────────────────────────────────────────────────────────────────────────────────────────

    Error Context: ../../test-results/chat-interface-SwarmDirect-17a83-support-keyboard-navigation-Mobile-Safari/error-context.md
]]>
</failure>
<system-out>
<![CDATA[
[[ATTACHMENT|chat-interface-SwarmDirect-17a83-support-keyboard-navigation-Mobile-Safari/test-failed-1.png]]

[[ATTACHMENT|chat-interface-SwarmDirect-17a83-support-keyboard-navigation-Mobile-Safari/video.webm]]

[[ATTACHMENT|chat-interface-SwarmDirect-17a83-support-keyboard-navigation-Mobile-Safari/error-context.md]]
]]>
</system-out>
</testcase>
<testcase name="SwarmDirector Chat Interface › Performance and Loading › should load within reasonable time" classname="chat-interface.spec.js" time="5.316">
</testcase>
<testcase name="SwarmDirector Chat Interface › Performance and Loading › should handle rapid interactions" classname="chat-interface.spec.js" time="13.301">
<failure message="chat-interface.spec.js:191:5 should handle rapid interactions" type="FAILURE">
<![CDATA[  [Mobile Safari] › chat-interface.spec.js:191:5 › SwarmDirector Chat Interface › Performance and Loading › should handle rapid interactions 

    TimeoutError: locator.fill: Timeout 10000ms exceeded.
    Call log:
      - waiting for locator('#messageInput')


      194 |       // Rapidly type and clear input
      195 |       for (let i = 0; i < 5; i++) {
    > 196 |         await messageInput.fill(`Message ${i}`);
          |                            ^
      197 |         await messageInput.clear();
      198 |       }
      199 |       
        at /Users/shrenilpatel/Github/SwarmDirector/tests/e2e/chat-interface.spec.js:196:28

    attachment #1: screenshot (image/png) ──────────────────────────────────────────────────────────
    test-results/chat-interface-SwarmDirect-4fc01-d-handle-rapid-interactions-Mobile-Safari/test-failed-1.png
    ────────────────────────────────────────────────────────────────────────────────────────────────

    attachment #2: video (video/webm) ──────────────────────────────────────────────────────────────
    test-results/chat-interface-SwarmDirect-4fc01-d-handle-rapid-interactions-Mobile-Safari/video.webm
    ────────────────────────────────────────────────────────────────────────────────────────────────

    Error Context: ../../test-results/chat-interface-SwarmDirect-4fc01-d-handle-rapid-interactions-Mobile-Safari/error-context.md
]]>
</failure>
<system-out>
<![CDATA[
[[ATTACHMENT|chat-interface-SwarmDirect-4fc01-d-handle-rapid-interactions-Mobile-Safari/test-failed-1.png]]

[[ATTACHMENT|chat-interface-SwarmDirect-4fc01-d-handle-rapid-interactions-Mobile-Safari/video.webm]]

[[ATTACHMENT|chat-interface-SwarmDirect-4fc01-d-handle-rapid-interactions-Mobile-Safari/error-context.md]]
]]>
</system-out>
</testcase>
<testcase name="Cross-Browser Compatibility › should work in different browsers" classname="chat-interface.spec.js" time="7.859">
<failure message="chat-interface.spec.js:209:3 should work in different browsers" type="FAILURE">
<![CDATA[  [Mobile Safari] › chat-interface.spec.js:209:3 › Cross-Browser Compatibility › should work in different browsers 

    Error: Timed out 5000ms waiting for expect(locator).toBeVisible()

    Locator: locator('#messageInput')
    Expected: visible
    Received: <element(s) not found>
    Call log:
      - Expect "toBeVisible" with timeout 5000ms
      - waiting for locator('#messageInput')


      214 |     
      215 |     // Basic functionality should work across browsers
    > 216 |     await expect(page.locator('#messageInput')).toBeVisible();
          |                                                 ^
      217 |     await expect(page.locator('button[type="submit"]')).toBeVisible();
      218 |     
      219 |     // Log browser for debugging
        at /Users/shrenilpatel/Github/SwarmDirector/tests/e2e/chat-interface.spec.js:216:49

    attachment #1: screenshot (image/png) ──────────────────────────────────────────────────────────
    test-results/chat-interface-Cross-Brows-98eeb--work-in-different-browsers-Mobile-Safari/test-failed-1.png
    ────────────────────────────────────────────────────────────────────────────────────────────────

    attachment #2: video (video/webm) ──────────────────────────────────────────────────────────────
    test-results/chat-interface-Cross-Brows-98eeb--work-in-different-browsers-Mobile-Safari/video.webm
    ────────────────────────────────────────────────────────────────────────────────────────────────

    Error Context: ../../test-results/chat-interface-Cross-Brows-98eeb--work-in-different-browsers-Mobile-Safari/error-context.md
]]>
</failure>
<system-out>
<![CDATA[
[[ATTACHMENT|chat-interface-Cross-Brows-98eeb--work-in-different-browsers-Mobile-Safari/test-failed-1.png]]

[[ATTACHMENT|chat-interface-Cross-Brows-98eeb--work-in-different-browsers-Mobile-Safari/video.webm]]

[[ATTACHMENT|chat-interface-Cross-Brows-98eeb--work-in-different-browsers-Mobile-Safari/error-context.md]]
]]>
</system-out>
</testcase>
</testsuite>
<testsuite name="chat-interface.spec.js" timestamp="2025-06-13T02:38:15.008Z" hostname="Microsoft Edge" tests="14" failures="14" skipped="0" time="0.142" errors="0">
<testcase name="SwarmDirector Chat Interface › Page Load and Initial State › should load chat page successfully" classname="chat-interface.spec.js" time="0.015">
<failure message="chat-interface.spec.js:18:5 should load chat page successfully" type="FAILURE">
<![CDATA[  [Microsoft Edge] › chat-interface.spec.js:18:5 › SwarmDirector Chat Interface › Page Load and Initial State › should load chat page successfully 

    Error: browserType.launch: Chromium distribution 'msedge' is not found at /Applications/Microsoft Edge.app/Contents/MacOS/Microsoft Edge
    Run "npx playwright install msedge"
]]>
</failure>
</testcase>
<testcase name="SwarmDirector Chat Interface › Page Load and Initial State › should show initial welcome state" classname="chat-interface.spec.js" time="0.01">
<failure message="chat-interface.spec.js:30:5 should show initial welcome state" type="FAILURE">
<![CDATA[  [Microsoft Edge] › chat-interface.spec.js:30:5 › SwarmDirector Chat Interface › Page Load and Initial State › should show initial welcome state 

    Error: browserType.launch: Chromium distribution 'msedge' is not found at /Applications/Microsoft Edge.app/Contents/MacOS/Microsoft Edge
    Run "npx playwright install msedge"
]]>
</failure>
</testcase>
<testcase name="SwarmDirector Chat Interface › Page Load and Initial State › should have proper responsive layout" classname="chat-interface.spec.js" time="0.008">
<failure message="chat-interface.spec.js:41:5 should have proper responsive layout" type="FAILURE">
<![CDATA[  [Microsoft Edge] › chat-interface.spec.js:41:5 › SwarmDirector Chat Interface › Page Load and Initial State › should have proper responsive layout 

    Error: browserType.launch: Chromium distribution 'msedge' is not found at /Applications/Microsoft Edge.app/Contents/MacOS/Microsoft Edge
    Run "npx playwright install msedge"
]]>
</failure>
</testcase>
<testcase name="SwarmDirector Chat Interface › Message Input and Validation › should validate message input" classname="chat-interface.spec.js" time="0.012">
<failure message="chat-interface.spec.js:57:5 should validate message input" type="FAILURE">
<![CDATA[  [Microsoft Edge] › chat-interface.spec.js:57:5 › SwarmDirector Chat Interface › Message Input and Validation › should validate message input 

    Error: browserType.launch: Chromium distribution 'msedge' is not found at /Applications/Microsoft Edge.app/Contents/MacOS/Microsoft Edge
    Run "npx playwright install msedge"
]]>
</failure>
</testcase>
<testcase name="SwarmDirector Chat Interface › Message Input and Validation › should handle keyboard interactions" classname="chat-interface.spec.js" time="0.007">
<failure message="chat-interface.spec.js:75:5 should handle keyboard interactions" type="FAILURE">
<![CDATA[  [Microsoft Edge] › chat-interface.spec.js:75:5 › SwarmDirector Chat Interface › Message Input and Validation › should handle keyboard interactions 

    Error: browserType.launch: Chromium distribution 'msedge' is not found at /Applications/Microsoft Edge.app/Contents/MacOS/Microsoft Edge
    Run "npx playwright install msedge"
]]>
</failure>
</testcase>
<testcase name="SwarmDirector Chat Interface › Activity Log and Transparency Features › should display activity log panel" classname="chat-interface.spec.js" time="0.009">
<failure message="chat-interface.spec.js:93:5 should display activity log panel" type="FAILURE">
<![CDATA[  [Microsoft Edge] › chat-interface.spec.js:93:5 › SwarmDirector Chat Interface › Activity Log and Transparency Features › should display activity log panel 

    Error: browserType.launch: Chromium distribution 'msedge' is not found at /Applications/Microsoft Edge.app/Contents/MacOS/Microsoft Edge
    Run "npx playwright install msedge"
]]>
</failure>
</testcase>
<testcase name="SwarmDirector Chat Interface › Activity Log and Transparency Features › should categorize activity log entries" classname="chat-interface.spec.js" time="0.012">
<failure message="chat-interface.spec.js:103:5 should categorize activity log entries" type="FAILURE">
<![CDATA[  [Microsoft Edge] › chat-interface.spec.js:103:5 › SwarmDirector Chat Interface › Activity Log and Transparency Features › should categorize activity log entries 

    Error: browserType.launch: Chromium distribution 'msedge' is not found at /Applications/Microsoft Edge.app/Contents/MacOS/Microsoft Edge
    Run "npx playwright install msedge"
]]>
</failure>
</testcase>
<testcase name="SwarmDirector Chat Interface › Connection Status and Error Handling › should display connection status" classname="chat-interface.spec.js" time="0.011">
<failure message="chat-interface.spec.js:118:5 should display connection status" type="FAILURE">
<![CDATA[  [Microsoft Edge] › chat-interface.spec.js:118:5 › SwarmDirector Chat Interface › Connection Status and Error Handling › should display connection status 

    Error: browserType.launch: Chromium distribution 'msedge' is not found at /Applications/Microsoft Edge.app/Contents/MacOS/Microsoft Edge
    Run "npx playwright install msedge"
]]>
</failure>
</testcase>
<testcase name="SwarmDirector Chat Interface › Connection Status and Error Handling › should handle connection errors gracefully" classname="chat-interface.spec.js" time="0.016">
<failure message="chat-interface.spec.js:130:5 should handle connection errors gracefully" type="FAILURE">
<![CDATA[  [Microsoft Edge] › chat-interface.spec.js:130:5 › SwarmDirector Chat Interface › Connection Status and Error Handling › should handle connection errors gracefully 

    Error: browserType.launch: Chromium distribution 'msedge' is not found at /Applications/Microsoft Edge.app/Contents/MacOS/Microsoft Edge
    Run "npx playwright install msedge"
]]>
</failure>
</testcase>
<testcase name="SwarmDirector Chat Interface › Accessibility and Usability › should have proper ARIA labels" classname="chat-interface.spec.js" time="0.008">
<failure message="chat-interface.spec.js:152:5 should have proper ARIA labels" type="FAILURE">
<![CDATA[  [Microsoft Edge] › chat-interface.spec.js:152:5 › SwarmDirector Chat Interface › Accessibility and Usability › should have proper ARIA labels 

    Error: browserType.launch: Chromium distribution 'msedge' is not found at /Applications/Microsoft Edge.app/Contents/MacOS/Microsoft Edge
    Run "npx playwright install msedge"
]]>
</failure>
</testcase>
<testcase name="SwarmDirector Chat Interface › Accessibility and Usability › should support keyboard navigation" classname="chat-interface.spec.js" time="0.008">
<failure message="chat-interface.spec.js:161:5 should support keyboard navigation" type="FAILURE">
<![CDATA[  [Microsoft Edge] › chat-interface.spec.js:161:5 › SwarmDirector Chat Interface › Accessibility and Usability › should support keyboard navigation 

    Error: browserType.launch: Chromium distribution 'msedge' is not found at /Applications/Microsoft Edge.app/Contents/MacOS/Microsoft Edge
    Run "npx playwright install msedge"
]]>
</failure>
</testcase>
<testcase name="SwarmDirector Chat Interface › Performance and Loading › should load within reasonable time" classname="chat-interface.spec.js" time="0.008">
<failure message="chat-interface.spec.js:179:5 should load within reasonable time" type="FAILURE">
<![CDATA[  [Microsoft Edge] › chat-interface.spec.js:179:5 › SwarmDirector Chat Interface › Performance and Loading › should load within reasonable time 

    Error: browserType.launch: Chromium distribution 'msedge' is not found at /Applications/Microsoft Edge.app/Contents/MacOS/Microsoft Edge
    Run "npx playwright install msedge"
]]>
</failure>
</testcase>
<testcase name="SwarmDirector Chat Interface › Performance and Loading › should handle rapid interactions" classname="chat-interface.spec.js" time="0.009">
<failure message="chat-interface.spec.js:191:5 should handle rapid interactions" type="FAILURE">
<![CDATA[  [Microsoft Edge] › chat-interface.spec.js:191:5 › SwarmDirector Chat Interface › Performance and Loading › should handle rapid interactions 

    Error: browserType.launch: Chromium distribution 'msedge' is not found at /Applications/Microsoft Edge.app/Contents/MacOS/Microsoft Edge
    Run "npx playwright install msedge"
]]>
</failure>
</testcase>
<testcase name="Cross-Browser Compatibility › should work in different browsers" classname="chat-interface.spec.js" time="0.009">
<failure message="chat-interface.spec.js:209:3 should work in different browsers" type="FAILURE">
<![CDATA[  [Microsoft Edge] › chat-interface.spec.js:209:3 › Cross-Browser Compatibility › should work in different browsers 

    Error: browserType.launch: Chromium distribution 'msedge' is not found at /Applications/Microsoft Edge.app/Contents/MacOS/Microsoft Edge
    Run "npx playwright install msedge"
]]>
</failure>
</testcase>
</testsuite>
<testsuite name="chat-interface.spec.js" timestamp="2025-06-13T02:38:15.008Z" hostname="Google Chrome" tests="14" failures="12" skipped="0" time="120.965" errors="0">
<testcase name="SwarmDirector Chat Interface › Page Load and Initial State › should load chat page successfully" classname="chat-interface.spec.js" time="9.018">
<failure message="chat-interface.spec.js:18:5 should load chat page successfully" type="FAILURE">
<![CDATA[  [Google Chrome] › chat-interface.spec.js:18:5 › SwarmDirector Chat Interface › Page Load and Initial State › should load chat page successfully 

    Error: Timed out 5000ms waiting for expect(locator).toBeVisible()

    Locator: locator('#messageInput')
    Expected: visible
    Received: <element(s) not found>
    Call log:
      - Expect "toBeVisible" with timeout 5000ms
      - waiting for locator('#messageInput')


      22 |       // Check main components are present
      23 |       await expect(page.locator('h1')).toContainText('SwarmDirector Chat');
    > 24 |       await expect(page.locator('#messageInput')).toBeVisible();
         |                                                   ^
      25 |       await expect(page.locator('button[type="submit"]')).toBeVisible();
      26 |       await expect(page.locator('#messagesContainer')).toBeVisible();
      27 |       await expect(page.locator('#activityLog')).toBeVisible();
        at /Users/shrenilpatel/Github/SwarmDirector/tests/e2e/chat-interface.spec.js:24:51

    attachment #1: screenshot (image/png) ──────────────────────────────────────────────────────────
    test-results/chat-interface-SwarmDirect-ab4d2-load-chat-page-successfully-Google-Chrome/test-failed-1.png
    ────────────────────────────────────────────────────────────────────────────────────────────────

    attachment #2: video (video/webm) ──────────────────────────────────────────────────────────────
    test-results/chat-interface-SwarmDirect-ab4d2-load-chat-page-successfully-Google-Chrome/video.webm
    ────────────────────────────────────────────────────────────────────────────────────────────────

    Error Context: ../../test-results/chat-interface-SwarmDirect-ab4d2-load-chat-page-successfully-Google-Chrome/error-context.md
]]>
</failure>
<system-out>
<![CDATA[
[[ATTACHMENT|chat-interface-SwarmDirect-ab4d2-load-chat-page-successfully-Google-Chrome/test-failed-1.png]]

[[ATTACHMENT|chat-interface-SwarmDirect-ab4d2-load-chat-page-successfully-Google-Chrome/video.webm]]

[[ATTACHMENT|chat-interface-SwarmDirect-ab4d2-load-chat-page-successfully-Google-Chrome/error-context.md]]
]]>
</system-out>
</testcase>
<testcase name="SwarmDirector Chat Interface › Page Load and Initial State › should show initial welcome state" classname="chat-interface.spec.js" time="7.179">
<failure message="chat-interface.spec.js:30:5 should show initial welcome state" type="FAILURE">
<![CDATA[  [Google Chrome] › chat-interface.spec.js:30:5 › SwarmDirector Chat Interface › Page Load and Initial State › should show initial welcome state 

    Error: expect.toContainText: Error: strict mode violation: locator('.text-gray-500') resolved to 7 elements:
        1) <p class="text-gray-500">Start a conversation with our AI agent system</p> aka getByText('Start a conversation with our')
        2) <span class="text-gray-500" x-text="formatTime(activity.timestamp)">22:43:02</span> aka locator('.flex > .text-gray-500').first()
        3) <span class="text-gray-500" x-text="formatTime(activity.timestamp)">22:43:02</span> aka locator('div:nth-child(3) > .flex > .text-gray-500')
        4) <span class="text-gray-500" x-text="formatTime(activity.timestamp)">22:43:02</span> aka locator('.text-xs.p-2.rounded.bg-blue-50 > .flex > .text-gray-500').first()
        5) <span class="text-gray-500" x-text="formatTime(activity.timestamp)">22:43:02</span> aka locator('div:nth-child(5) > .flex > .text-gray-500')
        6) <span class="text-gray-500" x-text="formatTime(activity.timestamp)">22:43:02</span> aka locator('div:nth-child(6) > .flex > .text-gray-500')
        7) <span class="text-gray-500" x-text="formatTime(activity.timestamp)">22:43:02</span> aka locator('div:nth-child(7) > .flex > .text-gray-500')

    Call log:
      - Expect "toContainText" with timeout 5000ms
      - waiting for locator('.text-gray-500')


      30 |     test('should show initial welcome state', async ({ page }) => {
      31 |       // Check welcome message is displayed
    > 32 |       await expect(page.locator('.text-gray-500')).toContainText('Start a conversation with SwarmDirector');
         |                                                    ^
      33 |       
      34 |       // Check connection status shows disconnected initially
      35 |       await expect(page.locator('.connection-status')).toContainText('Disconnected');
        at /Users/shrenilpatel/Github/SwarmDirector/tests/e2e/chat-interface.spec.js:32:52

    attachment #1: screenshot (image/png) ──────────────────────────────────────────────────────────
    test-results/chat-interface-SwarmDirect-295cc--show-initial-welcome-state-Google-Chrome/test-failed-1.png
    ────────────────────────────────────────────────────────────────────────────────────────────────

    attachment #2: video (video/webm) ──────────────────────────────────────────────────────────────
    test-results/chat-interface-SwarmDirect-295cc--show-initial-welcome-state-Google-Chrome/video.webm
    ────────────────────────────────────────────────────────────────────────────────────────────────

    Error Context: ../../test-results/chat-interface-SwarmDirect-295cc--show-initial-welcome-state-Google-Chrome/error-context.md
]]>
</failure>
<system-out>
<![CDATA[
[[ATTACHMENT|chat-interface-SwarmDirect-295cc--show-initial-welcome-state-Google-Chrome/test-failed-1.png]]

[[ATTACHMENT|chat-interface-SwarmDirect-295cc--show-initial-welcome-state-Google-Chrome/video.webm]]

[[ATTACHMENT|chat-interface-SwarmDirect-295cc--show-initial-welcome-state-Google-Chrome/error-context.md]]
]]>
</system-out>
</testcase>
<testcase name="SwarmDirector Chat Interface › Page Load and Initial State › should have proper responsive layout" classname="chat-interface.spec.js" time="8.86">
<failure message="chat-interface.spec.js:41:5 should have proper responsive layout" type="FAILURE">
<![CDATA[  [Google Chrome] › chat-interface.spec.js:41:5 › SwarmDirector Chat Interface › Page Load and Initial State › should have proper responsive layout 

    Error: Timed out 5000ms waiting for expect(locator).toBeVisible()

    Locator: locator('.chat-container')
    Expected: visible
    Received: <element(s) not found>
    Call log:
      - Expect "toBeVisible" with timeout 5000ms
      - waiting for locator('.chat-container')


      42 |       // Test desktop layout
      43 |       await page.setViewportSize({ width: 1200, height: 800 });
    > 44 |       await expect(page.locator('.chat-container')).toBeVisible();
         |                                                     ^
      45 |       await expect(page.locator('.activity-panel')).toBeVisible();
      46 |       
      47 |       // Test mobile layout
        at /Users/shrenilpatel/Github/SwarmDirector/tests/e2e/chat-interface.spec.js:44:53

    attachment #1: screenshot (image/png) ──────────────────────────────────────────────────────────
    test-results/chat-interface-SwarmDirect-f20a9-ve-proper-responsive-layout-Google-Chrome/test-failed-1.png
    ────────────────────────────────────────────────────────────────────────────────────────────────

    attachment #2: video (video/webm) ──────────────────────────────────────────────────────────────
    test-results/chat-interface-SwarmDirect-f20a9-ve-proper-responsive-layout-Google-Chrome/video.webm
    ────────────────────────────────────────────────────────────────────────────────────────────────

    Error Context: ../../test-results/chat-interface-SwarmDirect-f20a9-ve-proper-responsive-layout-Google-Chrome/error-context.md
]]>
</failure>
<system-out>
<![CDATA[
[[ATTACHMENT|chat-interface-SwarmDirect-f20a9-ve-proper-responsive-layout-Google-Chrome/test-failed-1.png]]

[[ATTACHMENT|chat-interface-SwarmDirect-f20a9-ve-proper-responsive-layout-Google-Chrome/video.webm]]

[[ATTACHMENT|chat-interface-SwarmDirect-f20a9-ve-proper-responsive-layout-Google-Chrome/error-context.md]]
]]>
</system-out>
</testcase>
<testcase name="SwarmDirector Chat Interface › Message Input and Validation › should validate message input" classname="chat-interface.spec.js" time="15.013">
<failure message="chat-interface.spec.js:57:5 should validate message input" type="FAILURE">
<![CDATA[  [Google Chrome] › chat-interface.spec.js:57:5 › SwarmDirector Chat Interface › Message Input and Validation › should validate message input 

    TimeoutError: locator.fill: Timeout 10000ms exceeded.
    Call log:
      - waiting for locator('#messageInput')


      60 |       
      61 |       // Empty message should not be sendable
    > 62 |       await messageInput.fill('');
         |                          ^
      63 |       await expect(sendButton).toBeDisabled();
      64 |       
      65 |       // Whitespace-only message should not be sendable
        at /Users/shrenilpatel/Github/SwarmDirector/tests/e2e/chat-interface.spec.js:62:26

    attachment #1: screenshot (image/png) ──────────────────────────────────────────────────────────
    test-results/chat-interface-SwarmDirect-074cb-ould-validate-message-input-Google-Chrome/test-failed-1.png
    ────────────────────────────────────────────────────────────────────────────────────────────────

    attachment #2: video (video/webm) ──────────────────────────────────────────────────────────────
    test-results/chat-interface-SwarmDirect-074cb-ould-validate-message-input-Google-Chrome/video.webm
    ────────────────────────────────────────────────────────────────────────────────────────────────

    Error Context: ../../test-results/chat-interface-SwarmDirect-074cb-ould-validate-message-input-Google-Chrome/error-context.md
]]>
</failure>
<system-out>
<![CDATA[
[[ATTACHMENT|chat-interface-SwarmDirect-074cb-ould-validate-message-input-Google-Chrome/test-failed-1.png]]

[[ATTACHMENT|chat-interface-SwarmDirect-074cb-ould-validate-message-input-Google-Chrome/video.webm]]

[[ATTACHMENT|chat-interface-SwarmDirect-074cb-ould-validate-message-input-Google-Chrome/error-context.md]]
]]>
</system-out>
</testcase>
<testcase name="SwarmDirector Chat Interface › Message Input and Validation › should handle keyboard interactions" classname="chat-interface.spec.js" time="12.674">
<failure message="chat-interface.spec.js:75:5 should handle keyboard interactions" type="FAILURE">
<![CDATA[  [Google Chrome] › chat-interface.spec.js:75:5 › SwarmDirector Chat Interface › Message Input and Validation › should handle keyboard interactions 

    TimeoutError: locator.focus: Timeout 10000ms exceeded.
    Call log:
      - waiting for locator('#messageInput')


      77 |       
      78 |       // Focus on input
    > 79 |       await messageInput.focus();
         |                          ^
      80 |       await expect(messageInput).toBeFocused();
      81 |       
      82 |       // Type message
        at /Users/shrenilpatel/Github/SwarmDirector/tests/e2e/chat-interface.spec.js:79:26

    attachment #1: screenshot (image/png) ──────────────────────────────────────────────────────────
    test-results/chat-interface-SwarmDirect-820cd-andle-keyboard-interactions-Google-Chrome/test-failed-1.png
    ────────────────────────────────────────────────────────────────────────────────────────────────

    attachment #2: video (video/webm) ──────────────────────────────────────────────────────────────
    test-results/chat-interface-SwarmDirect-820cd-andle-keyboard-interactions-Google-Chrome/video.webm
    ────────────────────────────────────────────────────────────────────────────────────────────────

    Error Context: ../../test-results/chat-interface-SwarmDirect-820cd-andle-keyboard-interactions-Google-Chrome/error-context.md
]]>
</failure>
<system-out>
<![CDATA[
[[ATTACHMENT|chat-interface-SwarmDirect-820cd-andle-keyboard-interactions-Google-Chrome/test-failed-1.png]]

[[ATTACHMENT|chat-interface-SwarmDirect-820cd-andle-keyboard-interactions-Google-Chrome/video.webm]]

[[ATTACHMENT|chat-interface-SwarmDirect-820cd-andle-keyboard-interactions-Google-Chrome/error-context.md]]
]]>
</system-out>
</testcase>
<testcase name="SwarmDirector Chat Interface › Activity Log and Transparency Features › should display activity log panel" classname="chat-interface.spec.js" time="8.38">
<failure message="chat-interface.spec.js:93:5 should display activity log panel" type="FAILURE">
<![CDATA[  [Google Chrome] › chat-interface.spec.js:93:5 › SwarmDirector Chat Interface › Activity Log and Transparency Features › should display activity log panel 

    Error: Timed out 5000ms waiting for expect(locator).toBeVisible()

    Locator: locator('#activityLog')
    Expected: visible
    Received: <element(s) not found>
    Call log:
      - Expect "toBeVisible" with timeout 5000ms
      - waiting for locator('#activityLog')


      94 |       const activityLog = page.locator('#activityLog');
      95 |       
    > 96 |       await expect(activityLog).toBeVisible();
         |                                 ^
      97 |       await expect(page.locator('.activity-header')).toContainText('System Activity');
      98 |       
      99 |       // Should show initial connection attempt
        at /Users/shrenilpatel/Github/SwarmDirector/tests/e2e/chat-interface.spec.js:96:33

    attachment #1: screenshot (image/png) ──────────────────────────────────────────────────────────
    test-results/chat-interface-SwarmDirect-1d072--display-activity-log-panel-Google-Chrome/test-failed-1.png
    ────────────────────────────────────────────────────────────────────────────────────────────────

    attachment #2: video (video/webm) ──────────────────────────────────────────────────────────────
    test-results/chat-interface-SwarmDirect-1d072--display-activity-log-panel-Google-Chrome/video.webm
    ────────────────────────────────────────────────────────────────────────────────────────────────

    Error Context: ../../test-results/chat-interface-SwarmDirect-1d072--display-activity-log-panel-Google-Chrome/error-context.md
]]>
</failure>
<system-out>
<![CDATA[
[[ATTACHMENT|chat-interface-SwarmDirect-1d072--display-activity-log-panel-Google-Chrome/test-failed-1.png]]

[[ATTACHMENT|chat-interface-SwarmDirect-1d072--display-activity-log-panel-Google-Chrome/video.webm]]

[[ATTACHMENT|chat-interface-SwarmDirect-1d072--display-activity-log-panel-Google-Chrome/error-context.md]]
]]>
</system-out>
</testcase>
<testcase name="SwarmDirector Chat Interface › Activity Log and Transparency Features › should categorize activity log entries" classname="chat-interface.spec.js" time="3.727">
<failure message="chat-interface.spec.js:103:5 should categorize activity log entries" type="FAILURE">
<![CDATA[  [Google Chrome] › chat-interface.spec.js:103:5 › SwarmDirector Chat Interface › Activity Log and Transparency Features › should categorize activity log entries 

    Error: expect: Property 'toHaveCountGreaterThan' not found.

      107 |       // Check for different types of activity entries
      108 |       const activityEntries = page.locator('.activity-entry');
    > 109 |       await expect(activityEntries).toHaveCountGreaterThan(0);
          |                                    ^
      110 |       
      111 |       // Should have timestamps
      112 |       await expect(page.locator('.activity-timestamp')).toHaveCountGreaterThan(0);
        at /Users/shrenilpatel/Github/SwarmDirector/tests/e2e/chat-interface.spec.js:109:36

    attachment #1: screenshot (image/png) ──────────────────────────────────────────────────────────
    test-results/chat-interface-SwarmDirect-8dea7-gorize-activity-log-entries-Google-Chrome/test-failed-1.png
    ────────────────────────────────────────────────────────────────────────────────────────────────

    attachment #2: video (video/webm) ──────────────────────────────────────────────────────────────
    test-results/chat-interface-SwarmDirect-8dea7-gorize-activity-log-entries-Google-Chrome/video.webm
    ────────────────────────────────────────────────────────────────────────────────────────────────

    Error Context: ../../test-results/chat-interface-SwarmDirect-8dea7-gorize-activity-log-entries-Google-Chrome/error-context.md
]]>
</failure>
<system-out>
<![CDATA[
[[ATTACHMENT|chat-interface-SwarmDirect-8dea7-gorize-activity-log-entries-Google-Chrome/test-failed-1.png]]

[[ATTACHMENT|chat-interface-SwarmDirect-8dea7-gorize-activity-log-entries-Google-Chrome/video.webm]]

[[ATTACHMENT|chat-interface-SwarmDirect-8dea7-gorize-activity-log-entries-Google-Chrome/error-context.md]]
]]>
</system-out>
</testcase>
<testcase name="SwarmDirector Chat Interface › Connection Status and Error Handling › should display connection status" classname="chat-interface.spec.js" time="8.882">
<failure message="chat-interface.spec.js:118:5 should display connection status" type="FAILURE">
<![CDATA[  [Google Chrome] › chat-interface.spec.js:118:5 › SwarmDirector Chat Interface › Connection Status and Error Handling › should display connection status 

    Error: Timed out 5000ms waiting for expect(locator).toBeVisible()

    Locator: locator('.connection-status')
    Expected: visible
    Received: <element(s) not found>
    Call log:
      - Expect "toBeVisible" with timeout 5000ms
      - waiting for locator('.connection-status')


      119 |       const connectionStatus = page.locator('.connection-status');
      120 |       
    > 121 |       await expect(connectionStatus).toBeVisible();
          |                                      ^
      122 |       
      123 |       // Should show initial disconnected state
      124 |       await expect(connectionStatus).toContainText('Disconnected');
        at /Users/shrenilpatel/Github/SwarmDirector/tests/e2e/chat-interface.spec.js:121:38

    attachment #1: screenshot (image/png) ──────────────────────────────────────────────────────────
    test-results/chat-interface-SwarmDirect-6b9aa-d-display-connection-status-Google-Chrome/test-failed-1.png
    ────────────────────────────────────────────────────────────────────────────────────────────────

    attachment #2: video (video/webm) ──────────────────────────────────────────────────────────────
    test-results/chat-interface-SwarmDirect-6b9aa-d-display-connection-status-Google-Chrome/video.webm
    ────────────────────────────────────────────────────────────────────────────────────────────────

    Error Context: ../../test-results/chat-interface-SwarmDirect-6b9aa-d-display-connection-status-Google-Chrome/error-context.md
]]>
</failure>
<system-out>
<![CDATA[
[[ATTACHMENT|chat-interface-SwarmDirect-6b9aa-d-display-connection-status-Google-Chrome/test-failed-1.png]]

[[ATTACHMENT|chat-interface-SwarmDirect-6b9aa-d-display-connection-status-Google-Chrome/video.webm]]

[[ATTACHMENT|chat-interface-SwarmDirect-6b9aa-d-display-connection-status-Google-Chrome/error-context.md]]
]]>
</system-out>
</testcase>
<testcase name="SwarmDirector Chat Interface › Connection Status and Error Handling › should handle connection errors gracefully" classname="chat-interface.spec.js" time="4.412">
</testcase>
<testcase name="SwarmDirector Chat Interface › Accessibility and Usability › should have proper ARIA labels" classname="chat-interface.spec.js" time="7.788">
<failure message="chat-interface.spec.js:152:5 should have proper ARIA labels" type="FAILURE">
<![CDATA[  [Google Chrome] › chat-interface.spec.js:152:5 › SwarmDirector Chat Interface › Accessibility and Usability › should have proper ARIA labels 

    Error: Timed out 5000ms waiting for expect(locator).toHaveAttribute()

    Locator: locator('#messageInput')
    Expected: have attribute
    Received: <element(s) not found>
    Call log:
      - Expect "toHaveAttribute" with timeout 5000ms
      - waiting for locator('#messageInput')


      152 |     test('should have proper ARIA labels', async ({ page }) => {
      153 |       // Check for accessibility attributes
    > 154 |       await expect(page.locator('#messageInput')).toHaveAttribute('placeholder');
          |                                                   ^
      155 |       await expect(page.locator('button[type="submit"]')).toHaveAttribute('type', 'submit');
      156 |       
      157 |       // Form should have proper structure
        at /Users/shrenilpatel/Github/SwarmDirector/tests/e2e/chat-interface.spec.js:154:51

    attachment #1: screenshot (image/png) ──────────────────────────────────────────────────────────
    test-results/chat-interface-SwarmDirect-cc7a4-uld-have-proper-ARIA-labels-Google-Chrome/test-failed-1.png
    ────────────────────────────────────────────────────────────────────────────────────────────────

    attachment #2: video (video/webm) ──────────────────────────────────────────────────────────────
    test-results/chat-interface-SwarmDirect-cc7a4-uld-have-proper-ARIA-labels-Google-Chrome/video.webm
    ────────────────────────────────────────────────────────────────────────────────────────────────

    Error Context: ../../test-results/chat-interface-SwarmDirect-cc7a4-uld-have-proper-ARIA-labels-Google-Chrome/error-context.md
]]>
</failure>
<system-out>
<![CDATA[
[[ATTACHMENT|chat-interface-SwarmDirect-cc7a4-uld-have-proper-ARIA-labels-Google-Chrome/test-failed-1.png]]

[[ATTACHMENT|chat-interface-SwarmDirect-cc7a4-uld-have-proper-ARIA-labels-Google-Chrome/video.webm]]

[[ATTACHMENT|chat-interface-SwarmDirect-cc7a4-uld-have-proper-ARIA-labels-Google-Chrome/error-context.md]]
]]>
</system-out>
</testcase>
<testcase name="SwarmDirector Chat Interface › Accessibility and Usability › should support keyboard navigation" classname="chat-interface.spec.js" time="12.169">
<failure message="chat-interface.spec.js:161:5 should support keyboard navigation" type="FAILURE">
<![CDATA[  [Google Chrome] › chat-interface.spec.js:161:5 › SwarmDirector Chat Interface › Accessibility and Usability › should support keyboard navigation 

    TimeoutError: locator.focus: Timeout 10000ms exceeded.
    Call log:
      - waiting for locator('#messageInput')


      165 |       // Message input should be focusable
      166 |       const messageInput = page.locator('#messageInput');
    > 167 |       await messageInput.focus();
          |                          ^
      168 |       await expect(messageInput).toBeFocused();
      169 |       
      170 |       // Send button should be reachable via tab
        at /Users/shrenilpatel/Github/SwarmDirector/tests/e2e/chat-interface.spec.js:167:26

    attachment #1: screenshot (image/png) ──────────────────────────────────────────────────────────
    test-results/chat-interface-SwarmDirect-17a83-support-keyboard-navigation-Google-Chrome/test-failed-1.png
    ────────────────────────────────────────────────────────────────────────────────────────────────

    attachment #2: video (video/webm) ──────────────────────────────────────────────────────────────
    test-results/chat-interface-SwarmDirect-17a83-support-keyboard-navigation-Google-Chrome/video.webm
    ────────────────────────────────────────────────────────────────────────────────────────────────

    Error Context: ../../test-results/chat-interface-SwarmDirect-17a83-support-keyboard-navigation-Google-Chrome/error-context.md
]]>
</failure>
<system-out>
<![CDATA[
[[ATTACHMENT|chat-interface-SwarmDirect-17a83-support-keyboard-navigation-Google-Chrome/test-failed-1.png]]

[[ATTACHMENT|chat-interface-SwarmDirect-17a83-support-keyboard-navigation-Google-Chrome/video.webm]]

[[ATTACHMENT|chat-interface-SwarmDirect-17a83-support-keyboard-navigation-Google-Chrome/error-context.md]]
]]>
</system-out>
</testcase>
<testcase name="SwarmDirector Chat Interface › Performance and Loading › should load within reasonable time" classname="chat-interface.spec.js" time="3.066">
</testcase>
<testcase name="SwarmDirector Chat Interface › Performance and Loading › should handle rapid interactions" classname="chat-interface.spec.js" time="12.648">
<failure message="chat-interface.spec.js:191:5 should handle rapid interactions" type="FAILURE">
<![CDATA[  [Google Chrome] › chat-interface.spec.js:191:5 › SwarmDirector Chat Interface › Performance and Loading › should handle rapid interactions 

    TimeoutError: locator.fill: Timeout 10000ms exceeded.
    Call log:
      - waiting for locator('#messageInput')


      194 |       // Rapidly type and clear input
      195 |       for (let i = 0; i < 5; i++) {
    > 196 |         await messageInput.fill(`Message ${i}`);
          |                            ^
      197 |         await messageInput.clear();
      198 |       }
      199 |       
        at /Users/shrenilpatel/Github/SwarmDirector/tests/e2e/chat-interface.spec.js:196:28

    attachment #1: screenshot (image/png) ──────────────────────────────────────────────────────────
    test-results/chat-interface-SwarmDirect-4fc01-d-handle-rapid-interactions-Google-Chrome/test-failed-1.png
    ────────────────────────────────────────────────────────────────────────────────────────────────

    attachment #2: video (video/webm) ──────────────────────────────────────────────────────────────
    test-results/chat-interface-SwarmDirect-4fc01-d-handle-rapid-interactions-Google-Chrome/video.webm
    ────────────────────────────────────────────────────────────────────────────────────────────────

    Error Context: ../../test-results/chat-interface-SwarmDirect-4fc01-d-handle-rapid-interactions-Google-Chrome/error-context.md
]]>
</failure>
<system-out>
<![CDATA[
[[ATTACHMENT|chat-interface-SwarmDirect-4fc01-d-handle-rapid-interactions-Google-Chrome/test-failed-1.png]]

[[ATTACHMENT|chat-interface-SwarmDirect-4fc01-d-handle-rapid-interactions-Google-Chrome/video.webm]]

[[ATTACHMENT|chat-interface-SwarmDirect-4fc01-d-handle-rapid-interactions-Google-Chrome/error-context.md]]
]]>
</system-out>
</testcase>
<testcase name="Cross-Browser Compatibility › should work in different browsers" classname="chat-interface.spec.js" time="7.149">
<failure message="chat-interface.spec.js:209:3 should work in different browsers" type="FAILURE">
<![CDATA[  [Google Chrome] › chat-interface.spec.js:209:3 › Cross-Browser Compatibility › should work in different browsers 

    Error: Timed out 5000ms waiting for expect(locator).toBeVisible()

    Locator: locator('#messageInput')
    Expected: visible
    Received: <element(s) not found>
    Call log:
      - Expect "toBeVisible" with timeout 5000ms
      - waiting for locator('#messageInput')


      214 |     
      215 |     // Basic functionality should work across browsers
    > 216 |     await expect(page.locator('#messageInput')).toBeVisible();
          |                                                 ^
      217 |     await expect(page.locator('button[type="submit"]')).toBeVisible();
      218 |     
      219 |     // Log browser for debugging
        at /Users/shrenilpatel/Github/SwarmDirector/tests/e2e/chat-interface.spec.js:216:49

    attachment #1: screenshot (image/png) ──────────────────────────────────────────────────────────
    test-results/chat-interface-Cross-Brows-98eeb--work-in-different-browsers-Google-Chrome/test-failed-1.png
    ────────────────────────────────────────────────────────────────────────────────────────────────

    attachment #2: video (video/webm) ──────────────────────────────────────────────────────────────
    test-results/chat-interface-Cross-Brows-98eeb--work-in-different-browsers-Google-Chrome/video.webm
    ────────────────────────────────────────────────────────────────────────────────────────────────

    Error Context: ../../test-results/chat-interface-Cross-Brows-98eeb--work-in-different-browsers-Google-Chrome/error-context.md
]]>
</failure>
<system-out>
<![CDATA[
[[ATTACHMENT|chat-interface-Cross-Brows-98eeb--work-in-different-browsers-Google-Chrome/test-failed-1.png]]

[[ATTACHMENT|chat-interface-Cross-Brows-98eeb--work-in-different-browsers-Google-Chrome/video.webm]]

[[ATTACHMENT|chat-interface-Cross-Brows-98eeb--work-in-different-browsers-Google-Chrome/error-context.md]]
]]>
</system-out>
</testcase>
</testsuite>
</testsuites>